---
source: crates/viewer/re_time_panel/tests/time_panel_filter_tests.rs
expression: streams_tree_data
---
children:
  - entity_path: []
    label: /
    highlight_sections: []
    default_open: true
    children:
      - entity_path:
          - path
        label: path/
        highlight_sections:
          - start: 0
            end: 4
        default_open: true
        children:
          - entity_path:
              - path
              - to
            label: to/
            highlight_sections:
              - start: 0
                end: 2
            default_open: true
            children:
              - entity_path:
                  - path
                  - to
                  - right
                label: right
                highlight_sections:
                  - start: 0
                    end: 3
                default_open: false
                children: []
