---
source: crates/viewer_support/re_dataframe_ui/src/filters/sql.rs
expression: "all_sql.join(\"\\n\")"
---
"Some ""column""" = true
"Some ""column""" = false
any_match("Some ""column""", x -> x = true)
any_match("Some ""column""", x -> x = false)
"Some ""column""" = true
("Some ""column""" = false) IS NOT TRUE
"Some ""column""" IS NULL
("Some ""column""" IS NULL) IS NOT TRUE
any_match("Some ""column""", x -> x = true)
(any_match("Some ""column""", x -> x = false)) IS NOT TRUE
"Some ""column""" IS NULL OR cardinality("Some ""column""") = 0 OR any_match("Some ""column""", x -> x IS NULL)
("Some ""column""" IS NULL OR cardinality("Some ""column""") = 0 OR any_match("Some ""column""", x -> x IS NULL)) IS NOT TRUE
"Some ""column""" = -42
"Some ""column""" = 7
("Some ""column""" = -42) IS NOT TRUE
("Some ""column""" = 7) IS NOT TRUE
"Some ""column""" < -42
"Some ""column""" < 7
"Some ""column""" <= -42
"Some ""column""" <= 7
"Some ""column""" > -42
"Some ""column""" > 7
"Some ""column""" >= -42
"Some ""column""" >= 7
any_match("Some ""column""", x -> x = -42)
any_match("Some ""column""", x -> x = 7)
(any_match("Some ""column""", x -> x = -42)) IS NOT TRUE
(any_match("Some ""column""", x -> x = 7)) IS NOT TRUE
any_match("Some ""column""", x -> x < -42)
any_match("Some ""column""", x -> x < 7)
any_match("Some ""column""", x -> x <= -42)
any_match("Some ""column""", x -> x <= 7)
any_match("Some ""column""", x -> x > -42)
any_match("Some ""column""", x -> x > 7)
any_match("Some ""column""", x -> x >= -42)
any_match("Some ""column""", x -> x >= 7)
"Some ""column""" = -42
"Some ""column""" = 7
("Some ""column""" = -42) IS NOT TRUE
("Some ""column""" = 7) IS NOT TRUE
"Some ""column""" < -42
"Some ""column""" < 7
"Some ""column""" <= -42
"Some ""column""" <= 7
"Some ""column""" > -42
"Some ""column""" > 7
"Some ""column""" >= -42
"Some ""column""" >= 7
any_match("Some ""column""", x -> x = -42)
any_match("Some ""column""", x -> x = 7)
(any_match("Some ""column""", x -> x = -42)) IS NOT TRUE
(any_match("Some ""column""", x -> x = 7)) IS NOT TRUE
any_match("Some ""column""", x -> x < -42)
any_match("Some ""column""", x -> x < 7)
any_match("Some ""column""", x -> x <= -42)
any_match("Some ""column""", x -> x <= 7)
any_match("Some ""column""", x -> x > -42)
any_match("Some ""column""", x -> x > 7)
any_match("Some ""column""", x -> x >= -42)
any_match("Some ""column""", x -> x >= 7)
"Some ""column""" = -10.5
"Some ""column""" = 1e300
"Some ""column""" = CAST('inf' AS DOUBLE)
("Some ""column""" = -10.5) IS NOT TRUE
("Some ""column""" = 1e300) IS NOT TRUE
("Some ""column""" = CAST('inf' AS DOUBLE)) IS NOT TRUE
"Some ""column""" < -10.5
"Some ""column""" < 1e300
"Some ""column""" < CAST('inf' AS DOUBLE)
"Some ""column""" <= -10.5
"Some ""column""" <= 1e300
"Some ""column""" <= CAST('inf' AS DOUBLE)
"Some ""column""" > -10.5
"Some ""column""" > 1e300
"Some ""column""" > CAST('inf' AS DOUBLE)
"Some ""column""" >= -10.5
"Some ""column""" >= 1e300
"Some ""column""" >= CAST('inf' AS DOUBLE)
any_match("Some ""column""", x -> x = -10.5)
any_match("Some ""column""", x -> x = 1e300)
any_match("Some ""column""", x -> x = CAST('inf' AS DOUBLE))
(any_match("Some ""column""", x -> x = -10.5)) IS NOT TRUE
(any_match("Some ""column""", x -> x = 1e300)) IS NOT TRUE
(any_match("Some ""column""", x -> x = CAST('inf' AS DOUBLE))) IS NOT TRUE
any_match("Some ""column""", x -> x < -10.5)
any_match("Some ""column""", x -> x < 1e300)
any_match("Some ""column""", x -> x < CAST('inf' AS DOUBLE))
any_match("Some ""column""", x -> x <= -10.5)
any_match("Some ""column""", x -> x <= 1e300)
any_match("Some ""column""", x -> x <= CAST('inf' AS DOUBLE))
any_match("Some ""column""", x -> x > -10.5)
any_match("Some ""column""", x -> x > 1e300)
any_match("Some ""column""", x -> x > CAST('inf' AS DOUBLE))
any_match("Some ""column""", x -> x >= -10.5)
any_match("Some ""column""", x -> x >= 1e300)
any_match("Some ""column""", x -> x >= CAST('inf' AS DOUBLE))
"Some ""column""" = -10.5
"Some ""column""" = 1e300
"Some ""column""" = CAST('inf' AS DOUBLE)
("Some ""column""" = -10.5) IS NOT TRUE
("Some ""column""" = 1e300) IS NOT TRUE
("Some ""column""" = CAST('inf' AS DOUBLE)) IS NOT TRUE
"Some ""column""" < -10.5
"Some ""column""" < 1e300
"Some ""column""" < CAST('inf' AS DOUBLE)
"Some ""column""" <= -10.5
"Some ""column""" <= 1e300
"Some ""column""" <= CAST('inf' AS DOUBLE)
"Some ""column""" > -10.5
"Some ""column""" > 1e300
"Some ""column""" > CAST('inf' AS DOUBLE)
"Some ""column""" >= -10.5
"Some ""column""" >= 1e300
"Some ""column""" >= CAST('inf' AS DOUBLE)
any_match("Some ""column""", x -> x = -10.5)
any_match("Some ""column""", x -> x = 1e300)
any_match("Some ""column""", x -> x = CAST('inf' AS DOUBLE))
(any_match("Some ""column""", x -> x = -10.5)) IS NOT TRUE
(any_match("Some ""column""", x -> x = 1e300)) IS NOT TRUE
(any_match("Some ""column""", x -> x = CAST('inf' AS DOUBLE))) IS NOT TRUE
any_match("Some ""column""", x -> x < -10.5)
any_match("Some ""column""", x -> x < 1e300)
any_match("Some ""column""", x -> x < CAST('inf' AS DOUBLE))
any_match("Some ""column""", x -> x <= -10.5)
any_match("Some ""column""", x -> x <= 1e300)
any_match("Some ""column""", x -> x <= CAST('inf' AS DOUBLE))
any_match("Some ""column""", x -> x > -10.5)
any_match("Some ""column""", x -> x > 1e300)
any_match("Some ""column""", x -> x > CAST('inf' AS DOUBLE))
any_match("Some ""column""", x -> x >= -10.5)
any_match("Some ""column""", x -> x >= 1e300)
any_match("Some ""column""", x -> x >= CAST('inf' AS DOUBLE))
"Some ""column""" ILIKE '%query%'
"Some ""column""" ILIKE '%it''s 100\% a\_b\\c%' ESCAPE '\'
("Some ""column""" ILIKE '%query%') IS NOT TRUE
("Some ""column""" ILIKE '%it''s 100\% a\_b\\c%' ESCAPE '\') IS NOT TRUE
"Some ""column""" ILIKE 'query%'
"Some ""column""" ILIKE 'it''s 100\% a\_b\\c%' ESCAPE '\'
"Some ""column""" ILIKE '%query'
"Some ""column""" ILIKE '%it''s 100\% a\_b\\c' ESCAPE '\'
any_match("Some ""column""", x -> x ILIKE '%query%')
any_match("Some ""column""", x -> x ILIKE '%it''s 100\% a\_b\\c%' ESCAPE '\')
(any_match("Some ""column""", x -> x ILIKE '%query%')) IS NOT TRUE
(any_match("Some ""column""", x -> x ILIKE '%it''s 100\% a\_b\\c%' ESCAPE '\')) IS NOT TRUE
any_match("Some ""column""", x -> x ILIKE 'query%')
any_match("Some ""column""", x -> x ILIKE 'it''s 100\% a\_b\\c%' ESCAPE '\')
any_match("Some ""column""", x -> x ILIKE '%query')
any_match("Some ""column""", x -> x ILIKE '%it''s 100\% a\_b\\c' ESCAPE '\')
"Some ""column""" ILIKE '%query%'
"Some ""column""" ILIKE '%it''s 100\% a\_b\\c%' ESCAPE '\'
("Some ""column""" ILIKE '%query%') IS NOT TRUE
("Some ""column""" ILIKE '%it''s 100\% a\_b\\c%' ESCAPE '\') IS NOT TRUE
"Some ""column""" ILIKE 'query%'
"Some ""column""" ILIKE 'it''s 100\% a\_b\\c%' ESCAPE '\'
"Some ""column""" ILIKE '%query'
"Some ""column""" ILIKE '%it''s 100\% a\_b\\c' ESCAPE '\'
any_match("Some ""column""", x -> x ILIKE '%query%')
any_match("Some ""column""", x -> x ILIKE '%it''s 100\% a\_b\\c%' ESCAPE '\')
(any_match("Some ""column""", x -> x ILIKE '%query%')) IS NOT TRUE
(any_match("Some ""column""", x -> x ILIKE '%it''s 100\% a\_b\\c%' ESCAPE '\')) IS NOT TRUE
any_match("Some ""column""", x -> x ILIKE 'query%')
any_match("Some ""column""", x -> x ILIKE 'it''s 100\% a\_b\\c%' ESCAPE '\')
any_match("Some ""column""", x -> x ILIKE '%query')
any_match("Some ""column""", x -> x ILIKE '%it''s 100\% a\_b\\c' ESCAPE '\')
"Some ""column""" >= date_trunc('day', now()) AND "Some ""column""" < date_trunc('day', now()) + INTERVAL '1 day'
("Some ""column""" >= date_trunc('day', now()) AND "Some ""column""" < date_trunc('day', now()) + INTERVAL '1 day') IS NOT TRUE
"Some ""column""" >= date_trunc('day', now()) - INTERVAL '1 day' AND "Some ""column""" < date_trunc('day', now())
("Some ""column""" >= date_trunc('day', now()) - INTERVAL '1 day' AND "Some ""column""" < date_trunc('day', now())) IS NOT TRUE
"Some ""column""" >= now() - INTERVAL '24 hours' AND "Some ""column""" < now()
("Some ""column""" >= now() - INTERVAL '24 hours' AND "Some ""column""" < now()) IS NOT TRUE
"Some ""column""" >= date_trunc('week', now()) AND "Some ""column""" < date_trunc('week', now()) + INTERVAL '7 days'
("Some ""column""" >= date_trunc('week', now()) AND "Some ""column""" < date_trunc('week', now()) + INTERVAL '7 days') IS NOT TRUE
"Some ""column""" >= date_trunc('week', now()) - INTERVAL '7 days' AND "Some ""column""" < date_trunc('week', now())
("Some ""column""" >= date_trunc('week', now()) - INTERVAL '7 days' AND "Some ""column""" < date_trunc('week', now())) IS NOT TRUE
"Some ""column""" < TIMESTAMP '1973-03-03T09:46:40Z'
("Some ""column""" < TIMESTAMP '1973-03-03T09:46:40Z') IS NOT TRUE
"Some ""column""" >= TIMESTAMP '1973-03-03T09:46:40Z'
("Some ""column""" >= TIMESTAMP '1973-03-03T09:46:40Z') IS NOT TRUE
"Some ""column""" >= TIMESTAMP '1973-03-03T09:46:40Z' AND "Some ""column""" < TIMESTAMP '1973-03-03T10:46:40Z'
("Some ""column""" >= TIMESTAMP '1973-03-03T09:46:40Z' AND "Some ""column""" < TIMESTAMP '1973-03-03T10:46:40Z') IS NOT TRUE
any_match("Some ""column""", x -> x >= date_trunc('day', now()) AND x < date_trunc('day', now()) + INTERVAL '1 day')
(any_match("Some ""column""", x -> x >= date_trunc('day', now()) AND x < date_trunc('day', now()) + INTERVAL '1 day')) IS NOT TRUE
any_match("Some ""column""", x -> x >= date_trunc('day', now()) - INTERVAL '1 day' AND x < date_trunc('day', now()))
(any_match("Some ""column""", x -> x >= date_trunc('day', now()) - INTERVAL '1 day' AND x < date_trunc('day', now()))) IS NOT TRUE
any_match("Some ""column""", x -> x >= now() - INTERVAL '24 hours' AND x < now())
(any_match("Some ""column""", x -> x >= now() - INTERVAL '24 hours' AND x < now())) IS NOT TRUE
any_match("Some ""column""", x -> x >= date_trunc('week', now()) AND x < date_trunc('week', now()) + INTERVAL '7 days')
(any_match("Some ""column""", x -> x >= date_trunc('week', now()) AND x < date_trunc('week', now()) + INTERVAL '7 days')) IS NOT TRUE
any_match("Some ""column""", x -> x >= date_trunc('week', now()) - INTERVAL '7 days' AND x < date_trunc('week', now()))
(any_match("Some ""column""", x -> x >= date_trunc('week', now()) - INTERVAL '7 days' AND x < date_trunc('week', now()))) IS NOT TRUE
any_match("Some ""column""", x -> x < TIMESTAMP '1973-03-03T09:46:40Z')
(any_match("Some ""column""", x -> x < TIMESTAMP '1973-03-03T09:46:40Z')) IS NOT TRUE
any_match("Some ""column""", x -> x >= TIMESTAMP '1973-03-03T09:46:40Z')
(any_match("Some ""column""", x -> x >= TIMESTAMP '1973-03-03T09:46:40Z')) IS NOT TRUE
any_match("Some ""column""", x -> x >= TIMESTAMP '1973-03-03T09:46:40Z' AND x < TIMESTAMP '1973-03-03T10:46:40Z')
(any_match("Some ""column""", x -> x >= TIMESTAMP '1973-03-03T09:46:40Z' AND x < TIMESTAMP '1973-03-03T10:46:40Z')) IS NOT TRUE
"Some ""column""" >= date_trunc('day', now()) AND "Some ""column""" < date_trunc('day', now()) + INTERVAL '1 day'
("Some ""column""" >= date_trunc('day', now()) AND "Some ""column""" < date_trunc('day', now()) + INTERVAL '1 day') IS NOT TRUE
"Some ""column""" >= date_trunc('day', now()) - INTERVAL '1 day' AND "Some ""column""" < date_trunc('day', now())
("Some ""column""" >= date_trunc('day', now()) - INTERVAL '1 day' AND "Some ""column""" < date_trunc('day', now())) IS NOT TRUE
"Some ""column""" >= now() - INTERVAL '24 hours' AND "Some ""column""" < now()
("Some ""column""" >= now() - INTERVAL '24 hours' AND "Some ""column""" < now()) IS NOT TRUE
"Some ""column""" >= date_trunc('week', now()) AND "Some ""column""" < date_trunc('week', now()) + INTERVAL '7 days'
("Some ""column""" >= date_trunc('week', now()) AND "Some ""column""" < date_trunc('week', now()) + INTERVAL '7 days') IS NOT TRUE
"Some ""column""" >= date_trunc('week', now()) - INTERVAL '7 days' AND "Some ""column""" < date_trunc('week', now())
("Some ""column""" >= date_trunc('week', now()) - INTERVAL '7 days' AND "Some ""column""" < date_trunc('week', now())) IS NOT TRUE
"Some ""column""" < TIMESTAMP '1973-03-03T09:46:40Z'
("Some ""column""" < TIMESTAMP '1973-03-03T09:46:40Z') IS NOT TRUE
"Some ""column""" >= TIMESTAMP '1973-03-03T09:46:40Z'
("Some ""column""" >= TIMESTAMP '1973-03-03T09:46:40Z') IS NOT TRUE
"Some ""column""" >= TIMESTAMP '1973-03-03T09:46:40Z' AND "Some ""column""" < TIMESTAMP '1973-03-03T10:46:40Z'
("Some ""column""" >= TIMESTAMP '1973-03-03T09:46:40Z' AND "Some ""column""" < TIMESTAMP '1973-03-03T10:46:40Z') IS NOT TRUE
any_match("Some ""column""", x -> x >= date_trunc('day', now()) AND x < date_trunc('day', now()) + INTERVAL '1 day')
(any_match("Some ""column""", x -> x >= date_trunc('day', now()) AND x < date_trunc('day', now()) + INTERVAL '1 day')) IS NOT TRUE
any_match("Some ""column""", x -> x >= date_trunc('day', now()) - INTERVAL '1 day' AND x < date_trunc('day', now()))
(any_match("Some ""column""", x -> x >= date_trunc('day', now()) - INTERVAL '1 day' AND x < date_trunc('day', now()))) IS NOT TRUE
any_match("Some ""column""", x -> x >= now() - INTERVAL '24 hours' AND x < now())
(any_match("Some ""column""", x -> x >= now() - INTERVAL '24 hours' AND x < now())) IS NOT TRUE
any_match("Some ""column""", x -> x >= date_trunc('week', now()) AND x < date_trunc('week', now()) + INTERVAL '7 days')
(any_match("Some ""column""", x -> x >= date_trunc('week', now()) AND x < date_trunc('week', now()) + INTERVAL '7 days')) IS NOT TRUE
any_match("Some ""column""", x -> x >= date_trunc('week', now()) - INTERVAL '7 days' AND x < date_trunc('week', now()))
(any_match("Some ""column""", x -> x >= date_trunc('week', now()) - INTERVAL '7 days' AND x < date_trunc('week', now()))) IS NOT TRUE
any_match("Some ""column""", x -> x < TIMESTAMP '1973-03-03T09:46:40Z')
(any_match("Some ""column""", x -> x < TIMESTAMP '1973-03-03T09:46:40Z')) IS NOT TRUE
any_match("Some ""column""", x -> x >= TIMESTAMP '1973-03-03T09:46:40Z')
(any_match("Some ""column""", x -> x >= TIMESTAMP '1973-03-03T09:46:40Z')) IS NOT TRUE
any_match("Some ""column""", x -> x >= TIMESTAMP '1973-03-03T09:46:40Z' AND x < TIMESTAMP '1973-03-03T10:46:40Z')
(any_match("Some ""column""", x -> x >= TIMESTAMP '1973-03-03T09:46:40Z' AND x < TIMESTAMP '1973-03-03T10:46:40Z')) IS NOT TRUE
