---
source: crates/top/re_sdk/src/lenses/op.rs
expression: "DisplayRB::from(res)"
---
┌───────────────────────────────────────────────┐
│ col                                           │
│ ---                                           │
│ type: nullable List[nullable List[Struct[2]]] │
╞═══════════════════════════════════════════════╡
│ [[{x: 0.0, y: 0.0}, {x: 42.0, y: 42.0}]]      │
├╌╌╌╌╌╌╌╌╌╌╌╌╌╌╌╌╌╌╌╌╌╌╌╌╌╌╌╌╌╌╌╌╌╌╌╌╌╌╌╌╌╌╌╌╌╌╌┤
│ [[{x: 0.0, y: 0.0}]]                          │
├╌╌╌╌╌╌╌╌╌╌╌╌╌╌╌╌╌╌╌╌╌╌╌╌╌╌╌╌╌╌╌╌╌╌╌╌╌╌╌╌╌╌╌╌╌╌╌┤
│ [[]]                                          │
└───────────────────────────────────────────────┘
