---
source: tests/rust/re_integration_test/tests/re_integration.rs
expression: test_output
---
All datasets: []
Creating dataset 'my_dataset'…
Arrow schema:
rerun.controls.RowId: fixed_size_binary[16] not null
  -- field metadata --
  ARROW:extension:name: 'rerun.datatypes.TUID'
  rerun:kind: 'control'
  ARROW:extension:metadata: '{"namespace":"row"}'
log_tick: int64
  -- field metadata --
  rerun:index_name: 'log_tick'
  rerun:kind: 'index'
log_time: timestamp[ns]
  -- field metadata --
  rerun:index_name: 'log_time'
  rerun:kind: 'index'
test_time: int64
  -- field metadata --
  rerun:index_name: 'test_time'
  rerun:kind: 'index'
/scalar:Scalars:scalars: list<item: double>
  child 0, item: double
  -- field metadata --
  rerun:archetype: 'rerun.archetypes.Scalars'
  rerun:component_type: 'rerun.components.Scalar'
  rerun:component: 'Scalars:scalars'
  rerun:kind: 'data'
  rerun:entity_path: '/scalar'
property:RecordingInfo:start_time: list<item: int64>
  child 0, item: int64
  -- field metadata --
  rerun:component: 'RecordingInfo:start_time'
  rerun:component_type: 'rerun.components.Timestamp'
  rerun:archetype: 'rerun.archetypes.RecordingInfo'
  rerun:entity_path: '/__properties'
  rerun:kind: 'data'
  rerun:is_static: 'true'
┌────────────────────┬───────────────────────┬──────────────────────┬────────────────────────────┐
│ rerun_partition_id ┆ test_time             ┆ log_tick             ┆ /scalar:Scalars:scalars    │
│ ---                ┆ ---                   ┆ ---                  ┆ ---                        │
│ type: Utf8         ┆ type: i64             ┆ type: i64            ┆ type: List[nullable f64]   │
│                    ┆ index_name: test_time ┆ index_name: log_tick ┆ archetype: Scalars         │
│                    ┆ kind: index           ┆ kind: index          ┆ component: Scalars:scalars │
│                    ┆                       ┆                      ┆ component_type: Scalar     │
│                    ┆                       ┆                      ┆ entity_path: /scalar       │
│                    ┆                       ┆                      ┆ kind: data                 │
╞════════════════════╪═══════════════════════╪══════════════════════╪════════════════════════════╡
│ new_recording_id   ┆ 0                     ┆ 0                    ┆ [0.0]                      │
├╌╌╌╌╌╌╌╌╌╌╌╌╌╌╌╌╌╌╌╌┼╌╌╌╌╌╌╌╌╌╌╌╌╌╌╌╌╌╌╌╌╌╌╌┼╌╌╌╌╌╌╌╌╌╌╌╌╌╌╌╌╌╌╌╌╌╌┼╌╌╌╌╌╌╌╌╌╌╌╌╌╌╌╌╌╌╌╌╌╌╌╌╌╌╌╌┤
│ new_recording_id   ┆ 1                     ┆ 1                    ┆ [1.0]                      │
├╌╌╌╌╌╌╌╌╌╌╌╌╌╌╌╌╌╌╌╌┼╌╌╌╌╌╌╌╌╌╌╌╌╌╌╌╌╌╌╌╌╌╌╌┼╌╌╌╌╌╌╌╌╌╌╌╌╌╌╌╌╌╌╌╌╌╌┼╌╌╌╌╌╌╌╌╌╌╌╌╌╌╌╌╌╌╌╌╌╌╌╌╌╌╌╌┤
│ new_recording_id   ┆ 2                     ┆ 2                    ┆ [2.0]                      │
├╌╌╌╌╌╌╌╌╌╌╌╌╌╌╌╌╌╌╌╌┼╌╌╌╌╌╌╌╌╌╌╌╌╌╌╌╌╌╌╌╌╌╌╌┼╌╌╌╌╌╌╌╌╌╌╌╌╌╌╌╌╌╌╌╌╌╌┼╌╌╌╌╌╌╌╌╌╌╌╌╌╌╌╌╌╌╌╌╌╌╌╌╌╌╌╌┤
│ new_recording_id   ┆ 3                     ┆ 3                    ┆ [3.0]                      │
├╌╌╌╌╌╌╌╌╌╌╌╌╌╌╌╌╌╌╌╌┼╌╌╌╌╌╌╌╌╌╌╌╌╌╌╌╌╌╌╌╌╌╌╌┼╌╌╌╌╌╌╌╌╌╌╌╌╌╌╌╌╌╌╌╌╌╌┼╌╌╌╌╌╌╌╌╌╌╌╌╌╌╌╌╌╌╌╌╌╌╌╌╌╌╌╌┤
│ new_recording_id   ┆ 4                     ┆ 4                    ┆ [4.0]                      │
├╌╌╌╌╌╌╌╌╌╌╌╌╌╌╌╌╌╌╌╌┼╌╌╌╌╌╌╌╌╌╌╌╌╌╌╌╌╌╌╌╌╌╌╌┼╌╌╌╌╌╌╌╌╌╌╌╌╌╌╌╌╌╌╌╌╌╌┼╌╌╌╌╌╌╌╌╌╌╌╌╌╌╌╌╌╌╌╌╌╌╌╌╌╌╌╌┤
│ new_recording_id   ┆ 5                     ┆ 5                    ┆ [5.0]                      │
├╌╌╌╌╌╌╌╌╌╌╌╌╌╌╌╌╌╌╌╌┼╌╌╌╌╌╌╌╌╌╌╌╌╌╌╌╌╌╌╌╌╌╌╌┼╌╌╌╌╌╌╌╌╌╌╌╌╌╌╌╌╌╌╌╌╌╌┼╌╌╌╌╌╌╌╌╌╌╌╌╌╌╌╌╌╌╌╌╌╌╌╌╌╌╌╌┤
│ new_recording_id   ┆ 6                     ┆ 6                    ┆ [6.0]                      │
├╌╌╌╌╌╌╌╌╌╌╌╌╌╌╌╌╌╌╌╌┼╌╌╌╌╌╌╌╌╌╌╌╌╌╌╌╌╌╌╌╌╌╌╌┼╌╌╌╌╌╌╌╌╌╌╌╌╌╌╌╌╌╌╌╌╌╌┼╌╌╌╌╌╌╌╌╌╌╌╌╌╌╌╌╌╌╌╌╌╌╌╌╌╌╌╌┤
│ new_recording_id   ┆ 7                     ┆ 7                    ┆ [7.0]                      │
├╌╌╌╌╌╌╌╌╌╌╌╌╌╌╌╌╌╌╌╌┼╌╌╌╌╌╌╌╌╌╌╌╌╌╌╌╌╌╌╌╌╌╌╌┼╌╌╌╌╌╌╌╌╌╌╌╌╌╌╌╌╌╌╌╌╌╌┼╌╌╌╌╌╌╌╌╌╌╌╌╌╌╌╌╌╌╌╌╌╌╌╌╌╌╌╌┤
│ new_recording_id   ┆ 8                     ┆ 8                    ┆ [8.0]                      │
├╌╌╌╌╌╌╌╌╌╌╌╌╌╌╌╌╌╌╌╌┼╌╌╌╌╌╌╌╌╌╌╌╌╌╌╌╌╌╌╌╌╌╌╌┼╌╌╌╌╌╌╌╌╌╌╌╌╌╌╌╌╌╌╌╌╌╌┼╌╌╌╌╌╌╌╌╌╌╌╌╌╌╌╌╌╌╌╌╌╌╌╌╌╌╌╌┤
│ new_recording_id   ┆ 9                     ┆ 9                    ┆ [9.0]                      │
└────────────────────┴───────────────────────┴──────────────────────┴────────────────────────────┘
Data truncated due to size.
