---
source: crates/store/re_importer/src/importer_mcap/tests/util.rs
expression: snapshot
input_file: crates/store/re_importer/src/importer_mcap/tests/assets/ros_compressed_image.mcap
---
┌──────────────────────────────────────────────────────────────────────────────────────────────────────────────────────────────────────────────────────────────────────────────────────────────────────────────┐
│ METADATA:                                                                                                                                                                                                    │
│ * entity_path: /camera/compressed_image                                                                                                                                                                      │
│ * id: [**REDACTED**]                                                                                                                                                                                         │
│ * version: [**REDACTED**]                                                                                                                                                                                    │
├╌╌╌╌╌╌╌╌╌╌╌╌╌╌╌╌╌╌╌╌╌╌╌╌╌╌╌╌╌╌╌╌╌╌╌╌╌╌╌╌╌╌╌╌╌╌╌╌╌╌╌╌╌╌╌╌╌╌╌╌╌╌╌╌╌╌╌╌╌╌╌╌╌╌╌╌╌╌╌╌╌╌╌╌╌╌╌╌╌╌╌╌╌╌╌╌╌╌╌╌╌╌╌╌╌╌╌╌╌╌╌╌╌╌╌╌╌╌╌╌╌╌╌╌╌╌╌╌╌╌╌╌╌╌╌╌╌╌╌╌╌╌╌╌╌╌╌╌╌╌╌╌╌╌╌╌╌╌╌╌╌╌╌╌╌╌╌╌╌╌╌╌╌╌╌╌╌╌╌╌╌╌╌╌╌╌╌╌╌╌╌╌╌╌╌╌╌╌╌╌╌╌╌╌╌╌┤
│ ┌─────────────────────────────────────┬──────────────────────────────┬──────────────────────────────────┬────────────────────────────┬──────────────────────────────────┬──────────────────────────────────┐ │
│ │ RowId                               ┆ message_log_time             ┆ message_publish_time             ┆ ros2_timestamp             ┆ CoordinateFrame:frame            ┆ EncodedImage:blob                │ │
│ │ ---                                 ┆ ---                          ┆ ---                              ┆ ---                        ┆ ---                              ┆ ---                              │ │
│ │ type: non-null FixedSizeBinary(16)  ┆ type: Timestamp(ns)          ┆ type: Timestamp(ns)              ┆ type: Timestamp(ns)        ┆ type: List(Utf8)                 ┆ type: List(List(non-null UInt8)) │ │
│ │ ARROW:extension:metadata:           ┆ index_name: message_log_time ┆ index_name: message_publish_time ┆ index_name: ros2_timestamp ┆ archetype: CoordinateFrame       ┆ archetype: EncodedImage          │ │
│ │ {"namespace":"row"}                 ┆ is_sorted: true              ┆ is_sorted: true                  ┆ is_sorted: true            ┆ component: CoordinateFrame:frame ┆ component: EncodedImage:blob     │ │
│ │ ARROW:extension:name: TUID          ┆ kind: index                  ┆ kind: index                      ┆ kind: index                ┆ component_type: TransformFrameId ┆ component_type: Blob             │ │
│ │ is_sorted: true                     ┆                              ┆                                  ┆                            ┆ kind: data                       ┆ kind: data                       │ │
│ │ kind: control                       ┆                              ┆                                  ┆                            ┆                                  ┆                                  │ │
│ ╞═════════════════════════════════════╪══════════════════════════════╪══════════════════════════════════╪════════════════════════════╪══════════════════════════════════╪══════════════════════════════════╡ │
│ │ row_[**REDACTED**]                  ┆ 1970-01-01T00:00:00          ┆ 1970-01-01T00:00:00              ┆ 1970-01-01T00:00:00        ┆ [camera_frame_image_plane]       ┆ [[106, 112, 101, 103]]           │ │
│ └─────────────────────────────────────┴──────────────────────────────┴──────────────────────────────────┴────────────────────────────┴──────────────────────────────────┴──────────────────────────────────┘ │
└──────────────────────────────────────────────────────────────────────────────────────────────────────────────────────────────────────────────────────────────────────────────────────────────────────────────┘

┌────────────────────────────────────────────────────────────────────────────────────────────────────────────────────────────────────────────────────────────────────────────────────────────────────────────────────────────────────┐
│ METADATA:                                                                                                                                                                                                                          │
│ * entity_path: /camera/compressed_depth_image                                                                                                                                                                                      │
│ * id: [**REDACTED**]                                                                                                                                                                                                               │
│ * version: [**REDACTED**]                                                                                                                                                                                                          │
├╌╌╌╌╌╌╌╌╌╌╌╌╌╌╌╌╌╌╌╌╌╌╌╌╌╌╌╌╌╌╌╌╌╌╌╌╌╌╌╌╌╌╌╌╌╌╌╌╌╌╌╌╌╌╌╌╌╌╌╌╌╌╌╌╌╌╌╌╌╌╌╌╌╌╌╌╌╌╌╌╌╌╌╌╌╌╌╌╌╌╌╌╌╌╌╌╌╌╌╌╌╌╌╌╌╌╌╌╌╌╌╌╌╌╌╌╌╌╌╌╌╌╌╌╌╌╌╌╌╌╌╌╌╌╌╌╌╌╌╌╌╌╌╌╌╌╌╌╌╌╌╌╌╌╌╌╌╌╌╌╌╌╌╌╌╌╌╌╌╌╌╌╌╌╌╌╌╌╌╌╌╌╌╌╌╌╌╌╌╌╌╌╌╌╌╌╌╌╌╌╌╌╌╌╌╌╌╌╌╌╌╌╌╌╌╌╌╌╌╌╌╌╌╌╌╌╌╌┤
│ ┌────────────────────────────────┬──────────────────────────────┬────────────────────────────────┬────────────────────────────┬────────────────────────────────┬────────────────────────────────┬────────────────────────────────┐ │
│ │ RowId                          ┆ message_log_time             ┆ message_publish_time           ┆ ros2_timestamp             ┆ CoordinateFrame:frame          ┆ EncodedDepthImage:blob         ┆ EncodedDepthImage:media_type   │ │
│ │ ---                            ┆ ---                          ┆ ---                            ┆ ---                        ┆ ---                            ┆ ---                            ┆ ---                            │ │
│ │ type: non-null                 ┆ type: Timestamp(ns)          ┆ type: Timestamp(ns)            ┆ type: Timestamp(ns)        ┆ type: List(Utf8)               ┆ type: List(List(non-null       ┆ type: List(Utf8)               │ │
│ │ FixedSizeBinary(16)            ┆ index_name: message_log_time ┆ index_name:                    ┆ index_name: ros2_timestamp ┆ archetype: CoordinateFrame     ┆ UInt8))                        ┆ archetype: EncodedDepthImage   │ │
│ │ ARROW:extension:metadata:      ┆ is_sorted: true              ┆ message_publish_time           ┆ is_sorted: true            ┆ component:                     ┆ archetype: EncodedDepthImage   ┆ component:                     │ │
│ │ {"namespace":"row"}            ┆ kind: index                  ┆ is_sorted: true                ┆ kind: index                ┆ CoordinateFrame:frame          ┆ component:                     ┆ EncodedDepthImage:media_type   │ │
│ │ ARROW:extension:name: TUID     ┆                              ┆ kind: index                    ┆                            ┆ component_type:                ┆ EncodedDepthImage:blob         ┆ component_type: MediaType      │ │
│ │ is_sorted: true                ┆                              ┆                                ┆                            ┆ TransformFrameId               ┆ component_type: Blob           ┆ kind: data                     │ │
│ │ kind: control                  ┆                              ┆                                ┆                            ┆ kind: data                     ┆ kind: data                     ┆                                │ │
│ ╞════════════════════════════════╪══════════════════════════════╪════════════════════════════════╪════════════════════════════╪════════════════════════════════╪════════════════════════════════╪════════════════════════════════╡ │
│ │ row_[**REDACTED**]             ┆ 1970-01-01T00:00:00          ┆ 1970-01-01T00:00:00            ┆ 1970-01-01T00:00:00        ┆ [camera_frame_image_plane]     ┆ [[114, 118, 108]]              ┆ [application/rvl]              │ │
│ └────────────────────────────────┴──────────────────────────────┴────────────────────────────────┴────────────────────────────┴────────────────────────────────┴────────────────────────────────┴────────────────────────────────┘ │
└────────────────────────────────────────────────────────────────────────────────────────────────────────────────────────────────────────────────────────────────────────────────────────────────────────────────────────────────────┘

┌──────────────────────────────────────────────────────────────────────────────────────────────────────────────────────────────────────────────────────────────────────────────────────────────────────────────────────────────────┐
│ METADATA:                                                                                                                                                                                                                        │
│ * entity_path: /camera/h264                                                                                                                                                                                                      │
│ * id: [**REDACTED**]                                                                                                                                                                                                             │
│ * version: [**REDACTED**]                                                                                                                                                                                                        │
├╌╌╌╌╌╌╌╌╌╌╌╌╌╌╌╌╌╌╌╌╌╌╌╌╌╌╌╌╌╌╌╌╌╌╌╌╌╌╌╌╌╌╌╌╌╌╌╌╌╌╌╌╌╌╌╌╌╌╌╌╌╌╌╌╌╌╌╌╌╌╌╌╌╌╌╌╌╌╌╌╌╌╌╌╌╌╌╌╌╌╌╌╌╌╌╌╌╌╌╌╌╌╌╌╌╌╌╌╌╌╌╌╌╌╌╌╌╌╌╌╌╌╌╌╌╌╌╌╌╌╌╌╌╌╌╌╌╌╌╌╌╌╌╌╌╌╌╌╌╌╌╌╌╌╌╌╌╌╌╌╌╌╌╌╌╌╌╌╌╌╌╌╌╌╌╌╌╌╌╌╌╌╌╌╌╌╌╌╌╌╌╌╌╌╌╌╌╌╌╌╌╌╌╌╌╌╌╌╌╌╌╌╌╌╌╌╌╌╌╌╌╌╌╌╌╌┤
│ ┌────────────────────────────────┬──────────────────────────────┬────────────────────────────────┬────────────────────────────┬────────────────────────────────┬──────────────────────────────┬────────────────────────────────┐ │
│ │ RowId                          ┆ message_log_time             ┆ message_publish_time           ┆ ros2_timestamp             ┆ CoordinateFrame:frame          ┆ VideoStream:codec            ┆ VideoStream:sample             │ │
│ │ ---                            ┆ ---                          ┆ ---                            ┆ ---                        ┆ ---                            ┆ ---                          ┆ ---                            │ │
│ │ type: non-null                 ┆ type: Timestamp(ns)          ┆ type: Timestamp(ns)            ┆ type: Timestamp(ns)        ┆ type: List(Utf8)               ┆ type: List(UInt32)           ┆ type: List(List(non-null       │ │
│ │ FixedSizeBinary(16)            ┆ index_name: message_log_time ┆ index_name:                    ┆ index_name: ros2_timestamp ┆ archetype: CoordinateFrame     ┆ archetype: VideoStream       ┆ UInt8))                        │ │
│ │ ARROW:extension:metadata:      ┆ is_sorted: true              ┆ message_publish_time           ┆ is_sorted: true            ┆ component:                     ┆ component: VideoStream:codec ┆ archetype: VideoStream         │ │
│ │ {"namespace":"row"}            ┆ kind: index                  ┆ is_sorted: true                ┆ kind: index                ┆ CoordinateFrame:frame          ┆ component_type: VideoCodec   ┆ component: VideoStream:sample  │ │
│ │ ARROW:extension:name: TUID     ┆                              ┆ kind: index                    ┆                            ┆ component_type:                ┆ kind: data                   ┆ component_type: VideoSample    │ │
│ │ is_sorted: true                ┆                              ┆                                ┆                            ┆ TransformFrameId               ┆                              ┆ kind: data                     │ │
│ │ kind: control                  ┆                              ┆                                ┆                            ┆ kind: data                     ┆                              ┆                                │ │
│ ╞════════════════════════════════╪══════════════════════════════╪════════════════════════════════╪════════════════════════════╪════════════════════════════════╪══════════════════════════════╪════════════════════════════════╡ │
│ │ row_[**REDACTED**]             ┆ 1970-01-01T00:00:00          ┆ 1970-01-01T00:00:00            ┆ 1970-01-01T00:00:00        ┆ [camera_frame_image_plane]     ┆ [1635148593]                 ┆ [[104, 50, 54, 52]]            │ │
│ └────────────────────────────────┴──────────────────────────────┴────────────────────────────────┴────────────────────────────┴────────────────────────────────┴──────────────────────────────┴────────────────────────────────┘ │
└──────────────────────────────────────────────────────────────────────────────────────────────────────────────────────────────────────────────────────────────────────────────────────────────────────────────────────────────────┘
