---
source: crates/utils/re_byte_size/tests/test_byte_sizes.rs
expression: "lines.join(\"\\n\")"
---
BTreeSet<String> len=0                   estimated          0B vs          0B actual (error: +0.0%)
BTreeSet<String> len=1                   estimated         25B vs        281B actual (error: -91.1%)
BTreeSet<String> len=2                   estimated         50B vs        282B actual (error: -82.3%)
BTreeSet<String> len=3                   estimated         75B vs        283B actual (error: -73.5%)
BTreeSet<String> len=10                  estimated        250B vs        290B actual (error: -13.8%)
BTreeSet<String> len=100                 estimated       2590B vs       3086B actual (error: -16.1%)
BTreeSet<String> len=1000                estimated      26890B vs      29418B actual (error: -8.6%)
BTreeSet<String> len=10000               estimated     278890B vs     301362B actual (error: -7.5%)
BTreeSet<u128> len=0                     estimated          0B vs          0B actual (error: +0.0%)
BTreeSet<u128> len=1                     estimated         16B vs        192B actual (error: -91.7%)
BTreeSet<u128> len=2                     estimated         32B vs        192B actual (error: -83.3%)
BTreeSet<u128> len=3                     estimated         48B vs        192B actual (error: -75.0%)
BTreeSet<u128> len=10                    estimated        160B vs        192B actual (error: -16.7%)
BTreeSet<u128> len=100                   estimated       1600B vs       2016B actual (error: -20.6%)
BTreeSet<u128> len=1000                  estimated      16000B vs      18432B actual (error: -13.2%)
BTreeSet<u128> len=10000                 estimated     160000B vs     182304B actual (error: -12.2%)
BTreeSet<u32> len=0                      estimated          0B vs          0B actual (error: +0.0%)
BTreeSet<u32> len=1                      estimated          4B vs         56B actual (error: -92.9%)
BTreeSet<u32> len=2                      estimated          8B vs         56B actual (error: -85.7%)
BTreeSet<u32> len=3                      estimated         12B vs         56B actual (error: -78.6%)
BTreeSet<u32> len=10                     estimated         40B vs         56B actual (error: -28.6%)
BTreeSet<u32> len=100                    estimated        400B vs        656B actual (error: -39.0%)
BTreeSet<u32> len=1000                   estimated       4000B vs       5920B actual (error: -32.4%)
BTreeSet<u32> len=10000                  estimated      40000B vs      58408B actual (error: -31.5%)

BTreeMap<u128, [u8; 256]> len=0          estimated          0B vs          0B actual (error: +0.0%)
BTreeMap<u128, [u8; 256]> len=1          estimated        272B vs       3008B actual (error: -91.0%)
BTreeMap<u128, [u8; 256]> len=2          estimated        544B vs       3008B actual (error: -81.9%)
BTreeMap<u128, [u8; 256]> len=3          estimated        816B vs       3008B actual (error: -72.9%)
BTreeMap<u128, [u8; 256]> len=10         estimated       2720B vs       3008B actual (error: -9.6%)
BTreeMap<u128, [u8; 256]> len=100        estimated      27200B vs      30176B actual (error: -9.9%)
BTreeMap<u128, [u8; 256]> len=1000       estimated     272000B vs     277504B actual (error: -2.0%)
BTreeMap<u128, [u8; 256]> len=10000      estimated    2720000B vs    2747680B actual (error: -1.0%)
BTreeMap<u32, u8> len=0                  estimated          0B vs          0B actual (error: +0.0%)
BTreeMap<u32, u8> len=1                  estimated          5B vs         72B actual (error: -93.1%)
BTreeMap<u32, u8> len=2                  estimated         10B vs         72B actual (error: -86.1%)
BTreeMap<u32, u8> len=3                  estimated         15B vs         72B actual (error: -79.2%)
BTreeMap<u32, u8> len=10                 estimated         50B vs         72B actual (error: -30.6%)
BTreeMap<u32, u8> len=100                estimated        500B vs        816B actual (error: -38.7%)
BTreeMap<u32, u8> len=1000               estimated       5000B vs       7392B actual (error: -32.4%)
BTreeMap<u32, u8> len=10000              estimated      50000B vs      72984B actual (error: -31.5%)

HashSet<String> len=0                    estimated          0B vs          0B actual (error: +0.0%)
HashSet<String> len=1                    estimated         73B vs        109B actual (error: -33.0%)
HashSet<String> len=2                    estimated         74B vs        110B actual (error: -32.7%)
HashSet<String> len=3                    estimated         75B vs        111B actual (error: -32.4%)
HashSet<String> len=10                   estimated        346B vs        418B actual (error: -17.2%)
HashSet<String> len=100                  estimated       2878B vs       3398B actual (error: -15.3%)
HashSet<String> len=1000                 estimated      45898B vs      54098B actual (error: -15.2%)
HashSet<String> len=10000                estimated     382954B vs     448498B actual (error: -14.6%)
HashSet<u128> len=0                      estimated          0B vs          0B actual (error: +0.0%)
HashSet<u128> len=1                      estimated         48B vs         76B actual (error: -36.8%)
HashSet<u128> len=2                      estimated         48B vs         76B actual (error: -36.8%)
HashSet<u128> len=3                      estimated         48B vs         76B actual (error: -36.8%)
HashSet<u128> len=10                     estimated        224B vs        280B actual (error: -20.0%)
HashSet<u128> len=100                    estimated       1792B vs       2184B actual (error: -17.9%)
HashSet<u128> len=1000                   estimated      28672B vs      34824B actual (error: -17.7%)
HashSet<u128> len=10000                  estimated     229376B vs     278536B actual (error: -17.6%)
HashSet<u32> len=0                       estimated          0B vs          0B actual (error: +0.0%)
HashSet<u32> len=1                       estimated         12B vs         28B actual (error: -57.1%)
HashSet<u32> len=2                       estimated         12B vs         28B actual (error: -57.1%)
HashSet<u32> len=3                       estimated         12B vs         28B actual (error: -57.1%)
HashSet<u32> len=10                      estimated         56B vs         88B actual (error: -36.4%)
HashSet<u32> len=100                     estimated        448B vs        648B actual (error: -30.9%)
HashSet<u32> len=1000                    estimated       7168B vs      10248B actual (error: -30.1%)
HashSet<u32> len=10000                   estimated      57344B vs      81928B actual (error: -30.0%)

HashMap<u128, [u8; 256]> len=0           estimated          0B vs          0B actual (error: +0.0%)
HashMap<u128, [u8; 256]> len=1           estimated        816B vs       1100B actual (error: -25.8%)
HashMap<u128, [u8; 256]> len=2           estimated        816B vs       1100B actual (error: -25.8%)
HashMap<u128, [u8; 256]> len=3           estimated        816B vs       1100B actual (error: -25.8%)
HashMap<u128, [u8; 256]> len=10          estimated       3808B vs       4376B actual (error: -13.0%)
HashMap<u128, [u8; 256]> len=100         estimated      30464B vs      34952B actual (error: -12.8%)
HashMap<u128, [u8; 256]> len=1000        estimated     487424B vs     559112B actual (error: -12.8%)
HashMap<u128, [u8; 256]> len=10000       estimated    3899392B vs    4472840B actual (error: -12.8%)
HashMap<u32, u8> len=0                   estimated          0B vs          0B actual (error: +0.0%)
HashMap<u32, u8> len=1                   estimated         15B vs         44B actual (error: -65.9%)
HashMap<u32, u8> len=2                   estimated         15B vs         44B actual (error: -65.9%)
HashMap<u32, u8> len=3                   estimated         15B vs         44B actual (error: -65.9%)
HashMap<u32, u8> len=10                  estimated         70B vs        152B actual (error: -53.9%)
HashMap<u32, u8> len=100                 estimated        560B vs       1160B actual (error: -51.7%)
HashMap<u32, u8> len=1000                estimated       8960B vs      18440B actual (error: -51.4%)
HashMap<u32, u8> len=10000               estimated      71680B vs     147464B actual (error: -51.4%)

SmallVec<[String; 4]> len=0              estimated          0B vs          0B actual (error: +0.0%)
SmallVec<[String; 4]> len=1              estimated          1B vs          1B actual (error: +0.0%)
SmallVec<[String; 4]> len=2              estimated          2B vs          2B actual (error: +0.0%)
SmallVec<[String; 4]> len=3              estimated          3B vs          3B actual (error: +0.0%)
SmallVec<[String; 4]> len=10             estimated        394B vs        394B actual (error: +0.0%)
SmallVec<[String; 4]> len=100            estimated       3262B vs       3262B actual (error: +0.0%)
SmallVec<[String; 4]> len=1000           estimated      27466B vs      27466B actual (error: +0.0%)
SmallVec<[String; 4]> len=10000          estimated     432106B vs     432106B actual (error: +0.0%)
SmallVec<[u32; 4]> len=0                 estimated          0B vs          0B actual (error: +0.0%)
SmallVec<[u32; 4]> len=1                 estimated          0B vs          0B actual (error: +0.0%)
SmallVec<[u32; 4]> len=2                 estimated          0B vs          0B actual (error: +0.0%)
SmallVec<[u32; 4]> len=3                 estimated          0B vs          0B actual (error: +0.0%)
SmallVec<[u32; 4]> len=10                estimated         64B vs         64B actual (error: +0.0%)
SmallVec<[u32; 4]> len=100               estimated        512B vs        512B actual (error: +0.0%)
SmallVec<[u32; 4]> len=1000              estimated       4096B vs       4096B actual (error: +0.0%)
SmallVec<[u32; 4]> len=10000             estimated      65536B vs      65536B actual (error: +0.0%)
VecDeque<String> len=0                   estimated          0B vs          0B actual (error: +0.0%)
VecDeque<String> len=1                   estimated         25B vs         25B actual (error: +0.0%)
VecDeque<String> len=2                   estimated         50B vs         50B actual (error: +0.0%)
VecDeque<String> len=3                   estimated         75B vs         75B actual (error: +0.0%)
VecDeque<String> len=10                  estimated        250B vs        250B actual (error: +0.0%)
VecDeque<String> len=100                 estimated       2590B vs       2590B actual (error: +0.0%)
VecDeque<String> len=1000                estimated      26890B vs      26890B actual (error: +0.0%)
VecDeque<String> len=10000               estimated     278890B vs     278890B actual (error: +0.0%)
VecDeque<u32> len=0                      estimated          0B vs          0B actual (error: +0.0%)
VecDeque<u32> len=1                      estimated          4B vs          4B actual (error: +0.0%)
VecDeque<u32> len=2                      estimated          8B vs          8B actual (error: +0.0%)
VecDeque<u32> len=3                      estimated         12B vs         12B actual (error: +0.0%)
VecDeque<u32> len=10                     estimated         40B vs         40B actual (error: +0.0%)
VecDeque<u32> len=100                    estimated        400B vs        400B actual (error: +0.0%)
VecDeque<u32> len=1000                   estimated       4000B vs       4000B actual (error: +0.0%)
VecDeque<u32> len=10000                  estimated      40000B vs      40000B actual (error: +0.0%)
