---
source: crates/store/re_mcap/src/decoders/attachments.rs
expression: "format_chunk(&chunks[0])"
---
┌──────────────────────────────────────────────────────────────────────────────────────────────────────────────────────────────────────────────────────────────────────────────────────────────────────────────────────────────────┐
│ METADATA:                                                                                                                                                                                                                        │
│ * entity_path: /__mcap_attachments                                                                                                                                                                                               │
│ * id: [**REDACTED**]                                                                                                                                                                                                             │
│ * version: [**REDACTED**]                                                                                                                                                                                                        │
├╌╌╌╌╌╌╌╌╌╌╌╌╌╌╌╌╌╌╌╌╌╌╌╌╌╌╌╌╌╌╌╌╌╌╌╌╌╌╌╌╌╌╌╌╌╌╌╌╌╌╌╌╌╌╌╌╌╌╌╌╌╌╌╌╌╌╌╌╌╌╌╌╌╌╌╌╌╌╌╌╌╌╌╌╌╌╌╌╌╌╌╌╌╌╌╌╌╌╌╌╌╌╌╌╌╌╌╌╌╌╌╌╌╌╌╌╌╌╌╌╌╌╌╌╌╌╌╌╌╌╌╌╌╌╌╌╌╌╌╌╌╌╌╌╌╌╌╌╌╌╌╌╌╌╌╌╌╌╌╌╌╌╌╌╌╌╌╌╌╌╌╌╌╌╌╌╌╌╌╌╌╌╌╌╌╌╌╌╌╌╌╌╌╌╌╌╌╌╌╌╌╌╌╌╌╌╌╌╌╌╌╌╌╌╌╌╌╌╌╌╌╌╌╌╌╌┤
│ ┌───────────────────────────────────────────────┬──────────────────────────────────────────────────────────┬────────────────────────────────────────────────────────┬──────────────────────────────────────────────────────────┐ │
│ │ RowId                                         ┆ data                                                     ┆ media_type                                             ┆ metadata                                                 │ │
│ │ ---                                           ┆ ---                                                      ┆ ---                                                    ┆ ---                                                      │ │
│ │ type: non-null FixedSizeBinary(16)            ┆ type: List(List(non-null UInt8))                         ┆ type: List(Utf8)                                       ┆ type: List(List(non-null Struct("first": non-null Utf8,  │ │
│ │ ARROW:extension:metadata: {"namespace":"row"} ┆ archetype: McapAttachment                                ┆ archetype: McapAttachment                              ┆ "second": non-null Utf8)))                               │ │
│ │ ARROW:extension:name: TUID                    ┆ component: data                                          ┆ component: media_type                                  ┆ archetype: McapAttachment                                │ │
│ │ is_sorted: true                               ┆ component_type: Blob                                     ┆ component_type: MediaType                              ┆ component: metadata                                      │ │
│ │ kind: control                                 ┆ kind: data                                               ┆ kind: data                                             ┆ component_type: KeyValuePairs                            │ │
│ │                                               ┆                                                          ┆                                                        ┆ kind: data                                               │ │
│ ╞═══════════════════════════════════════════════╪══════════════════════════════════════════════════════════╪════════════════════════════════════════════════════════╪══════════════════════════════════════════════════════════╡ │
│ │ row_[**REDACTED**]                            ┆ [[123, 34, 105, 100, 34, 58, 49, 44, 34, 100, 101, 115,  ┆ [application/json, application/json, application/json] ┆ [[{first: name, second: metadata.json}, {first:          │ │
│ │                                               ┆ 99, 114, 105, 112, 116, 105, 111, 110, 34, 58, 34, 102,  ┆                                                        ┆ media_type, second: application/json}, {first: log_time, │ │
│ │                                               ┆ 105, 114, 115, 116, 32, 97, 116, 116, 97, 99, 104, 109,  ┆                                                        ┆ second: 1777894675385599000}, {first: create_time,       │ │
│ │                                               ┆ 101, 110, 116, 34, 125], [123, 34, 105, 100, 34, 58, 50, ┆                                                        ┆ second: 1777894675385599000}, {first: data_size, second: │ │
│ │                                               ┆ 44, 34, 100, 101, 115, 99, 114, 105, 112, 116, 105, 111, ┆                                                        ┆ 41}, {first: offset, second: 42}], [{first: name,        │ │
│ │                                               ┆ 110, 34, 58, 34, 115, 97, 109, 101, 32, 97, 116, 116,    ┆                                                        ┆ second: metadata.json}, {first: media_type, second:      │ │
│ │                                               ┆ 97, 99, 104, 109, 101, 110, 116, 32, 110, 97, 109, 101,  ┆                                                        ┆ application/json}, {first: log_time, second:             │ │
│ │                                               ┆ 34, 125], [123, 34, 105, 100, 34, 58, 51, 44, 34, 100,   ┆                                                        ┆ 1777894675385599001}, {first: create_time, second:       │ │
│ │                                               ┆ 101, 115, 99, 114, 105, 112, 116, 105, 111, 110, 34, 58, ┆                                                        ┆ 1777894675385599001}, {first: data_size, second: 45},    │ │
│ │                                               ┆ 34, 116, 104, 105, 114, 100, 32, 97, 116, 116, 97, 99,   ┆                                                        ┆ {first: offset, second: 157}], [{first: name, second:    │ │
│ │                                               ┆ 104, 109, 101, 110, 116, 34, 125]]                       ┆                                                        ┆ calibration.json}, {first: media_type, second:           │ │
│ │                                               ┆                                                          ┆                                                        ┆ application/json}, {first: log_time, second:             │ │
│ │                                               ┆                                                          ┆                                                        ┆ 1777894675385599002}, {first: create_time, second:       │ │
│ │                                               ┆                                                          ┆                                                        ┆ 1777894675385599002}, {first: data_size, second: 41},    │ │
│ │                                               ┆                                                          ┆                                                        ┆ {first: offset, second: 276}]]                           │ │
│ └───────────────────────────────────────────────┴──────────────────────────────────────────────────────────┴────────────────────────────────────────────────────────┴──────────────────────────────────────────────────────────┘ │
└──────────────────────────────────────────────────────────────────────────────────────────────────────────────────────────────────────────────────────────────────────────────────────────────────────────────────────────────────┘
