---
source: crates/store/re_mcap/src/layers/protobuf.rs
expression: "format!(\"{:-240}\", &chunks[0])"
---
┌─────────────────────────────────────────────────────────────────────────────────────────────────────────────────────────────────────────────────────────────────────────────┐
│ METADATA:                                                                                                                                                                   │
│ * entity_path: /color_topic                                                                                                                                                 │
│ * id: [**REDACTED**]                                                                                                                                                        │
│ * version: [**REDACTED**]                                                                                                                                                   │
├╌╌╌╌╌╌╌╌╌╌╌╌╌╌╌╌╌╌╌╌╌╌╌╌╌╌╌╌╌╌╌╌╌╌╌╌╌╌╌╌╌╌╌╌╌╌╌╌╌╌╌╌╌╌╌╌╌╌╌╌╌╌╌╌╌╌╌╌╌╌╌╌╌╌╌╌╌╌╌╌╌╌╌╌╌╌╌╌╌╌╌╌╌╌╌╌╌╌╌╌╌╌╌╌╌╌╌╌╌╌╌╌╌╌╌╌╌╌╌╌╌╌╌╌╌╌╌╌╌╌╌╌╌╌╌╌╌╌╌╌╌╌╌╌╌╌╌╌╌╌╌╌╌╌╌╌╌╌╌╌╌╌╌╌╌╌╌╌╌╌╌╌╌┤
│ ┌───────────────────────────────────────────────┬───────────────────────────────┬──────────────────────────────────┬──────────────────────────────────────────────────────┐ │
│ │ RowId                                         ┆ message_log_time              ┆ message_publish_time             ┆ com.example.Color:message                            │ │
│ │ ---                                           ┆ ---                           ┆ ---                              ┆ ---                                                  │ │
│ │ type: non-null FixedSizeBinary(16)            ┆ type: Timestamp(ns)           ┆ type: Timestamp(ns)              ┆ type: List(Struct("object": Utf8, "gamma": Float32)) │ │
│ │ ARROW:extension:metadata: {"namespace":"row"} ┆ index_name: message_log_time  ┆ index_name: message_publish_time ┆ archetype: com.example.Color                         │ │
│ │ ARROW:extension:name: TUID                    ┆ is_sorted: true               ┆ is_sorted: true                  ┆ component: com.example.Color:message                 │ │
│ │ is_sorted: true                               ┆ kind: index                   ┆ kind: index                      ┆ kind: data                                           │ │
│ │ kind: control                                 ┆                               ┆                                  ┆                                                      │ │
│ ╞═══════════════════════════════════════════════╪═══════════════════════════════╪══════════════════════════════════╪══════════════════════════════════════════════════════╡ │
│ │ row_[**REDACTED**]                            ┆ 1970-01-01T00:00:00.000000001 ┆ 1970-01-01T00:00:00.000000001    ┆ [{object: box, gamma: 2.2}]                          │ │
│ ├╌╌╌╌╌╌╌╌╌╌╌╌╌╌╌╌╌╌╌╌╌╌╌╌╌╌╌╌╌╌╌╌╌╌╌╌╌╌╌╌╌╌╌╌╌╌╌┼╌╌╌╌╌╌╌╌╌╌╌╌╌╌╌╌╌╌╌╌╌╌╌╌╌╌╌╌╌╌╌┼╌╌╌╌╌╌╌╌╌╌╌╌╌╌╌╌╌╌╌╌╌╌╌╌╌╌╌╌╌╌╌╌╌╌┼╌╌╌╌╌╌╌╌╌╌╌╌╌╌╌╌╌╌╌╌╌╌╌╌╌╌╌╌╌╌╌╌╌╌╌╌╌╌╌╌╌╌╌╌╌╌╌╌╌╌╌╌╌╌┤ │
│ │ row_[**REDACTED**]                            ┆ 1970-01-01T00:00:00.000000002 ┆ 1970-01-01T00:00:00.000000002    ┆ [{object: sphere, gamma: null}]                      │ │
│ ├╌╌╌╌╌╌╌╌╌╌╌╌╌╌╌╌╌╌╌╌╌╌╌╌╌╌╌╌╌╌╌╌╌╌╌╌╌╌╌╌╌╌╌╌╌╌╌┼╌╌╌╌╌╌╌╌╌╌╌╌╌╌╌╌╌╌╌╌╌╌╌╌╌╌╌╌╌╌╌┼╌╌╌╌╌╌╌╌╌╌╌╌╌╌╌╌╌╌╌╌╌╌╌╌╌╌╌╌╌╌╌╌╌╌┼╌╌╌╌╌╌╌╌╌╌╌╌╌╌╌╌╌╌╌╌╌╌╌╌╌╌╌╌╌╌╌╌╌╌╌╌╌╌╌╌╌╌╌╌╌╌╌╌╌╌╌╌╌╌┤ │
│ │ row_[**REDACTED**]                            ┆ 1970-01-01T00:00:00.000000003 ┆ 1970-01-01T00:00:00.000000003    ┆ [{object: cone, gamma: null}]                        │ │
│ └───────────────────────────────────────────────┴───────────────────────────────┴──────────────────────────────────┴──────────────────────────────────────────────────────┘ │
└─────────────────────────────────────────────────────────────────────────────────────────────────────────────────────────────────────────────────────────────────────────────┘
