---
source: crates/store/re_arrow_combinators/tests/explode.rs
expression: "format!(\"{}\", DisplayRB(result))"
---
┌───────────────────────────────────┐
│ col                               │
│ ---                               │
│ type: nullable List[nullable i32] │
╞═══════════════════════════════════╡
│ [1]                               │
├╌╌╌╌╌╌╌╌╌╌╌╌╌╌╌╌╌╌╌╌╌╌╌╌╌╌╌╌╌╌╌╌╌╌╌┤
│ [2]                               │
├╌╌╌╌╌╌╌╌╌╌╌╌╌╌╌╌╌╌╌╌╌╌╌╌╌╌╌╌╌╌╌╌╌╌╌┤
│ null                              │
├╌╌╌╌╌╌╌╌╌╌╌╌╌╌╌╌╌╌╌╌╌╌╌╌╌╌╌╌╌╌╌╌╌╌╌┤
│ []                                │
├╌╌╌╌╌╌╌╌╌╌╌╌╌╌╌╌╌╌╌╌╌╌╌╌╌╌╌╌╌╌╌╌╌╌╌┤
│ [3]                               │
└───────────────────────────────────┘
