---
source: crates/store/re_log_encoding/tests/footers_and_manifests.rs
expression: rrd_manifest_blueprint_sequential.data.format_schema_snapshot()
---
TimePanelBlueprint:fps:has_static_data: non-null Boolean [
    rerun:archetype: "rerun.blueprint.archetypes.TimePanelBlueprint"
    rerun:component: "TimePanelBlueprint:fps"
    rerun:component_type: "rerun.blueprint.components.Fps"
    rerun:index: "rerun:static"
]
chunk_byte_offset: non-null UInt64
chunk_byte_size: non-null UInt64
chunk_byte_size_uncompressed: non-null UInt64
chunk_entity_path: non-null Utf8
chunk_id: non-null FixedSizeBinary(16)
chunk_is_static: non-null Boolean
chunk_num_rows: non-null UInt64
frame_nr:TimePanelBlueprint:fps:end: Int64 [
    rerun:archetype: "rerun.blueprint.archetypes.TimePanelBlueprint"
    rerun:component: "TimePanelBlueprint:fps"
    rerun:component_type: "rerun.blueprint.components.Fps"
    rerun:index: "frame_nr"
]
frame_nr:TimePanelBlueprint:fps:num_rows: UInt64 [
    rerun:archetype: "rerun.blueprint.archetypes.TimePanelBlueprint"
    rerun:component: "TimePanelBlueprint:fps"
    rerun:component_type: "rerun.blueprint.components.Fps"
    rerun:index: "frame_nr"
]
frame_nr:TimePanelBlueprint:fps:start: Int64 [
    rerun:archetype: "rerun.blueprint.archetypes.TimePanelBlueprint"
    rerun:component: "TimePanelBlueprint:fps"
    rerun:component_type: "rerun.blueprint.components.Fps"
    rerun:index: "frame_nr"
]
frame_nr:end: Int64 [
    rerun:index: "frame_nr"
]
frame_nr:start: Int64 [
    rerun:index: "frame_nr"
]
