---
source: crates/viewer/re_view_spatial/tests/spawn_heuristics.rs
expression: recommended_views
---
ViewSpawnHeuristics {
    recommended_views: [
        RecommendedView {
            origin: /3D/camera,
            query_filter: [
                "+ $origin/**",
            ],
        },
        RecommendedView {
            origin: /image1,
            query_filter: [
                "+ $origin/**",
            ],
        },
        RecommendedView {
            origin: /image2,
            query_filter: [
                "+ $origin/**",
            ],
        },
    ],
}
