---
source: crates/viewer/re_viewer/tests/all_component_fallbacks.rs
expression: arch_display
---
centers: [[0.0, 0.0, 0.0]]
scales: [[1.0, 1.0, 1.0]]
quaternions: [[0.0, 0.0, 0.0, 1.0]]
colors: [3161148927]
sh_coefficients: [[[0, 0, 0], [0, 0, 0], [0, 0, 0], [0, 0, 0], [0, 0, 0], [0, 0, 0], [0, 0, 0], [0, 0, 0], [0, 0, 0], [0, 0, 0], [0, 0, 0], [0, 0, 0], [0, 0, 0], [0, 0, 0], [0, 0, 0]]]
spherical_harmonics_degree: [3]
