---
source: crates/store/re_importer/src/importer_mcap/tests/ros2msg/test_nav2_voxel_grid.rs
expression: "format!(\"{:-240}\", voxel_grid_chunk)"
---
┌──────────────────────────────────────────────────────────────────────────────────────────────────────────────────────────────────────────────────────────────────────────────────────────────────────────────────────────────────────────┐
│ METADATA:                                                                                                                                                                                                                                │
│ * entity_path: /voxel_grid                                                                                                                                                                                                               │
│ * id: [**REDACTED**]                                                                                                                                                                                                                     │
│ * version: [**REDACTED**]                                                                                                                                                                                                                │
├╌╌╌╌╌╌╌╌╌╌╌╌╌╌╌╌╌╌╌╌╌╌╌╌╌╌╌╌╌╌╌╌╌╌╌╌╌╌╌╌╌╌╌╌╌╌╌╌╌╌╌╌╌╌╌╌╌╌╌╌╌╌╌╌╌╌╌╌╌╌╌╌╌╌╌╌╌╌╌╌╌╌╌╌╌╌╌╌╌╌╌╌╌╌╌╌╌╌╌╌╌╌╌╌╌╌╌╌╌╌╌╌╌╌╌╌╌╌╌╌╌╌╌╌╌╌╌╌╌╌╌╌╌╌╌╌╌╌╌╌╌╌╌╌╌╌╌╌╌╌╌╌╌╌╌╌╌╌╌╌╌╌╌╌╌╌╌╌╌╌╌╌╌╌╌╌╌╌╌╌╌╌╌╌╌╌╌╌╌╌╌╌╌╌╌╌╌╌╌╌╌╌╌╌╌╌╌╌╌╌╌╌╌╌╌╌╌╌╌╌╌╌╌╌╌╌╌╌╌╌╌╌╌╌┤
│ ┌────────────────────┬────────────────────┬────────────────────┬────────────────────┬────────────────────┬────────────────────┬────────────────────┬────────────────────┬────────────────────┬────────────────────┬────────────────────┐ │
│ │ RowId              ┆ message_log_time   ┆ message_publish_ti ┆ ros2_timestamp     ┆ CoordinateFrame:fr ┆ VoxelGridMap:color ┆ VoxelGridMap:opaci ┆ VoxelGridMap:trans ┆ VoxelGridMap:value ┆ VoxelGridMap:voxel ┆ VoxelGridMap:voxel │ │
│ │ ---                ┆ ---                ┆ me                 ┆ ---                ┆ ame                ┆ s                  ┆ ty                 ┆ lation             ┆ s                  ┆ _indices           ┆ _size              │ │
│ │ type: non-null Fix ┆ type:              ┆ ---                ┆ type:              ┆ ---                ┆ ---                ┆ ---                ┆ ---                ┆ ---                ┆ ---                ┆ ---                │ │
│ │ edSizeBinary(16)   ┆ Timestamp(ns)      ┆ type:              ┆ Timestamp(ns)      ┆ type: List(Utf8)   ┆ type: List(UInt32) ┆ type:              ┆ type: List(FixedSi ┆ type:              ┆ type: List(FixedSi ┆ type: List(FixedSi │ │
│ │ ARROW:extension:me ┆ index_name:        ┆ Timestamp(ns)      ┆ index_name:        ┆ archetype:         ┆ archetype:         ┆ List(Float32)      ┆ zeList(3 x         ┆ List(Float32)      ┆ zeList(3 x         ┆ zeList(3 x         │ │
│ │ tadata: {"namespac ┆ message_log_time   ┆ index_name: messag ┆ ros2_timestamp     ┆ CoordinateFrame    ┆ VoxelGridMap       ┆ archetype:         ┆ non-null Float32)) ┆ archetype:         ┆ non-null Int32))   ┆ non-null Float32)) │ │
│ │ e":"row"}          ┆ is_sorted: true    ┆ e_publish_time     ┆ is_sorted: true    ┆ component: Coordin ┆ component: VoxelGr ┆ VoxelGridMap       ┆ archetype:         ┆ VoxelGridMap       ┆ archetype:         ┆ archetype:         │ │
│ │ ARROW:extension:na ┆ kind: index        ┆ is_sorted: true    ┆ kind: index        ┆ ateFrame:frame     ┆ idMap:colors       ┆ component: VoxelGr ┆ VoxelGridMap       ┆ component: VoxelGr ┆ VoxelGridMap       ┆ VoxelGridMap       │ │
│ │ me: TUID           ┆                    ┆ kind: index        ┆                    ┆ component_type:    ┆ component_type:    ┆ idMap:opacity      ┆ component: VoxelGr ┆ idMap:values       ┆ component: VoxelGr ┆ component: VoxelGr │ │
│ │ is_sorted: true    ┆                    ┆                    ┆                    ┆ TransformFrameId   ┆ Color              ┆ component_type:    ┆ idMap:translation  ┆ component_type:    ┆ idMap:voxel_indice ┆ idMap:voxel_size   │ │
│ │ kind: control      ┆                    ┆                    ┆                    ┆ kind: data         ┆ kind: data         ┆ Opacity            ┆ component_type:    ┆ VoxelValue         ┆ s                  ┆ component_type:    │ │
│ │                    ┆                    ┆                    ┆                    ┆                    ┆                    ┆ kind: data         ┆ Translation3D      ┆ kind: data         ┆ component_type:    ┆ VoxelSize          │ │
│ │                    ┆                    ┆                    ┆                    ┆                    ┆                    ┆                    ┆ kind: data         ┆                    ┆ VoxelIndex         ┆ kind: data         │ │
│ │                    ┆                    ┆                    ┆                    ┆                    ┆                    ┆                    ┆                    ┆                    ┆ kind: data         ┆                    │ │
│ ╞════════════════════╪════════════════════╪════════════════════╪════════════════════╪════════════════════╪════════════════════╪════════════════════╪════════════════════╪════════════════════╪════════════════════╪════════════════════╡ │
│ │ row_[**REDACTED**] ┆ 1970-01-01T00:00:0 ┆ 1970-01-01T00:00:0 ┆ 1970-01-01T00:00:0 ┆ [map]              ┆ [16711935,         ┆ [0.5]              ┆ [[1.0, 2.0, 3.0]]  ┆ [0.0, 1.0, 0.0,    ┆ [[0, 0, 0], [1, 0, ┆ [[0.5, 0.5, 0.25]] │ │
│ │                    ┆ 0                  ┆ 0                  ┆ 0                  ┆                    ┆ 4278190335,        ┆                    ┆                    ┆ 1.0, 0.0, 1.0]     ┆ 0], [1, 0, 1], [0, ┆                    │ │
│ │                    ┆                    ┆                    ┆                    ┆                    ┆ 16711935,          ┆                    ┆                    ┆                    ┆ 1, 1], [1, 1, 0],  ┆                    │ │
│ │                    ┆                    ┆                    ┆                    ┆                    ┆ 4278190335,        ┆                    ┆                    ┆                    ┆ [1, 1, 1]]         ┆                    │ │
│ │                    ┆                    ┆                    ┆                    ┆                    ┆ 16711935,          ┆                    ┆                    ┆                    ┆                    ┆                    │ │
│ │                    ┆                    ┆                    ┆                    ┆                    ┆ 4278190335]        ┆                    ┆                    ┆                    ┆                    ┆                    │ │
│ └────────────────────┴────────────────────┴────────────────────┴────────────────────┴────────────────────┴────────────────────┴────────────────────┴────────────────────┴────────────────────┴────────────────────┴────────────────────┘ │
└──────────────────────────────────────────────────────────────────────────────────────────────────────────────────────────────────────────────────────────────────────────────────────────────────────────────────────────────────────────┘
