---
source: crates/store/re_importer/src/importer_mcap/tests/ros2msg/test_log.rs
assertion_line: 10
expression: "format!(\"{:-240}\", chunk)"
---
┌─────────────────────────────────────────────────────────────────────────────────────────────────────────────────────────────────────────────────────────────────────────────────────────────────────────────────────────────────────────┐
│ METADATA:                                                                                                                                                                                                                               │
│ * entity_path: /rosout                                                                                                                                                                                                                  │
│ * id: [**REDACTED**]                                                                                                                                                                                                                    │
│ * version: [**REDACTED**]                                                                                                                                                                                                               │
├╌╌╌╌╌╌╌╌╌╌╌╌╌╌╌╌╌╌╌╌╌╌╌╌╌╌╌╌╌╌╌╌╌╌╌╌╌╌╌╌╌╌╌╌╌╌╌╌╌╌╌╌╌╌╌╌╌╌╌╌╌╌╌╌╌╌╌╌╌╌╌╌╌╌╌╌╌╌╌╌╌╌╌╌╌╌╌╌╌╌╌╌╌╌╌╌╌╌╌╌╌╌╌╌╌╌╌╌╌╌╌╌╌╌╌╌╌╌╌╌╌╌╌╌╌╌╌╌╌╌╌╌╌╌╌╌╌╌╌╌╌╌╌╌╌╌╌╌╌╌╌╌╌╌╌╌╌╌╌╌╌╌╌╌╌╌╌╌╌╌╌╌╌╌╌╌╌╌╌╌╌╌╌╌╌╌╌╌╌╌╌╌╌╌╌╌╌╌╌╌╌╌╌╌╌╌╌╌╌╌╌╌╌╌╌╌╌╌╌╌╌╌╌╌╌╌╌╌╌╌╌╌╌┤
│ ┌──────────────────────┬──────────────────────┬──────────────────────┬──────────────────────┬──────────────────────┬──────────────────────┬──────────────────────┬──────────────────────┬──────────────────────┬──────────────────────┐ │
│ │ RowId                ┆ message_log_time     ┆ message_publish_time ┆ ros2_timestamp       ┆ file                 ┆ function             ┆ line                 ┆ TextLog:color        ┆ TextLog:level        ┆ TextLog:text         │ │
│ │ ---                  ┆ ---                  ┆ ---                  ┆ ---                  ┆ ---                  ┆ ---                  ┆ ---                  ┆ ---                  ┆ ---                  ┆ ---                  │ │
│ │ type: non-null       ┆ type: Timestamp(ns)  ┆ type: Timestamp(ns)  ┆ type: Timestamp(ns)  ┆ type: List(Utf8)     ┆ type: List(Utf8)     ┆ type: List(UInt32)   ┆ type: List(UInt32)   ┆ type: List(Utf8)     ┆ type: List(Utf8)     │ │
│ │ FixedSizeBinary(16)  ┆ index_name:          ┆ index_name:          ┆ index_name:          ┆ archetype: rcl_inter ┆ archetype: rcl_inter ┆ archetype: rcl_inter ┆ archetype: TextLog   ┆ archetype: TextLog   ┆ archetype: TextLog   │ │
│ │ ARROW:extension:meta ┆ message_log_time     ┆ message_publish_time ┆ ros2_timestamp       ┆ faces.msg.Log        ┆ faces.msg.Log        ┆ faces.msg.Log        ┆ component:           ┆ component:           ┆ component:           │ │
│ │ data:                ┆ is_sorted: true      ┆ is_sorted: true      ┆ is_sorted: true      ┆ component: file      ┆ component: function  ┆ component: line      ┆ TextLog:color        ┆ TextLog:level        ┆ TextLog:text         │ │
│ │ {"namespace":"row"}  ┆ kind: index          ┆ kind: index          ┆ kind: index          ┆ kind: data           ┆ kind: data           ┆ kind: data           ┆ component_type:      ┆ component_type:      ┆ component_type: Text │ │
│ │ ARROW:extension:name ┆                      ┆                      ┆                      ┆                      ┆                      ┆                      ┆ Color                ┆ TextLogLevel         ┆ kind: data           │ │
│ │ : TUID               ┆                      ┆                      ┆                      ┆                      ┆                      ┆                      ┆ kind: data           ┆ kind: data           ┆                      │ │
│ │ is_sorted: true      ┆                      ┆                      ┆                      ┆                      ┆                      ┆                      ┆                      ┆                      ┆                      │ │
│ │ kind: control        ┆                      ┆                      ┆                      ┆                      ┆                      ┆                      ┆                      ┆                      ┆                      │ │
│ ╞══════════════════════╪══════════════════════╪══════════════════════╪══════════════════════╪══════════════════════╪══════════════════════╪══════════════════════╪══════════════════════╪══════════════════════╪══════════════════════╡ │
│ │ row_[**REDACTED**]   ┆ 2026-05-18T16:36:03. ┆ 2026-05-18T16:36:03. ┆ 2026-05-18T16:36:03. ┆ [io.cpp]             ┆ [Connect]            ┆ [42]                 ┆ [2155905279]         ┆ [DEBUG]              ┆ [[demo.subsystem.io] │ │
│ │                      ┆ 294026               ┆ 294026               ┆ 294026               ┆                      ┆                      ┆                      ┆                      ┆                      ┆ opened socket fd=7]  │ │
│ ├╌╌╌╌╌╌╌╌╌╌╌╌╌╌╌╌╌╌╌╌╌╌┼╌╌╌╌╌╌╌╌╌╌╌╌╌╌╌╌╌╌╌╌╌╌┼╌╌╌╌╌╌╌╌╌╌╌╌╌╌╌╌╌╌╌╌╌╌┼╌╌╌╌╌╌╌╌╌╌╌╌╌╌╌╌╌╌╌╌╌╌┼╌╌╌╌╌╌╌╌╌╌╌╌╌╌╌╌╌╌╌╌╌╌┼╌╌╌╌╌╌╌╌╌╌╌╌╌╌╌╌╌╌╌╌╌╌┼╌╌╌╌╌╌╌╌╌╌╌╌╌╌╌╌╌╌╌╌╌╌┼╌╌╌╌╌╌╌╌╌╌╌╌╌╌╌╌╌╌╌╌╌╌┼╌╌╌╌╌╌╌╌╌╌╌╌╌╌╌╌╌╌╌╌╌╌┼╌╌╌╌╌╌╌╌╌╌╌╌╌╌╌╌╌╌╌╌╌╌┤ │
│ │ row_[**REDACTED**]   ┆ 2026-05-18T16:36:03. ┆ 2026-05-18T16:36:03. ┆ 2026-05-18T16:36:03. ┆ [node.cpp]           ┆ [OnInit]             ┆ [101]                ┆ [8454143]            ┆ [INFO]               ┆ [[demo.node]         │ │
│ │                      ┆ 344026               ┆ 344026               ┆ 344026               ┆                      ┆                      ┆                      ┆                      ┆                      ┆ initialization       │ │
│ │                      ┆                      ┆                      ┆                      ┆                      ┆                      ┆                      ┆                      ┆                      ┆ complete]            │ │
│ ├╌╌╌╌╌╌╌╌╌╌╌╌╌╌╌╌╌╌╌╌╌╌┼╌╌╌╌╌╌╌╌╌╌╌╌╌╌╌╌╌╌╌╌╌╌┼╌╌╌╌╌╌╌╌╌╌╌╌╌╌╌╌╌╌╌╌╌╌┼╌╌╌╌╌╌╌╌╌╌╌╌╌╌╌╌╌╌╌╌╌╌┼╌╌╌╌╌╌╌╌╌╌╌╌╌╌╌╌╌╌╌╌╌╌┼╌╌╌╌╌╌╌╌╌╌╌╌╌╌╌╌╌╌╌╌╌╌┼╌╌╌╌╌╌╌╌╌╌╌╌╌╌╌╌╌╌╌╌╌╌┼╌╌╌╌╌╌╌╌╌╌╌╌╌╌╌╌╌╌╌╌╌╌┼╌╌╌╌╌╌╌╌╌╌╌╌╌╌╌╌╌╌╌╌╌╌┼╌╌╌╌╌╌╌╌╌╌╌╌╌╌╌╌╌╌╌╌╌╌┤ │
│ │ row_[**REDACTED**]   ┆ 2026-05-18T16:36:03. ┆ 2026-05-18T16:36:03. ┆ 2026-05-18T16:36:03. ┆ [lidar.cpp]          ┆ [Tick]               ┆ [233]                ┆ [4289003775]         ┆ [WARN]               ┆ [[demo.sensors.lidar │ │
│ │                      ┆ 394026               ┆ 394026               ┆ 394026               ┆                      ┆                      ┆                      ┆                      ┆                      ┆ ] scan rate degraded │ │
│ │                      ┆                      ┆                      ┆                      ┆                      ┆                      ┆                      ┆                      ┆                      ┆ to 8 Hz]             │ │
│ ├╌╌╌╌╌╌╌╌╌╌╌╌╌╌╌╌╌╌╌╌╌╌┼╌╌╌╌╌╌╌╌╌╌╌╌╌╌╌╌╌╌╌╌╌╌┼╌╌╌╌╌╌╌╌╌╌╌╌╌╌╌╌╌╌╌╌╌╌┼╌╌╌╌╌╌╌╌╌╌╌╌╌╌╌╌╌╌╌╌╌╌┼╌╌╌╌╌╌╌╌╌╌╌╌╌╌╌╌╌╌╌╌╌╌┼╌╌╌╌╌╌╌╌╌╌╌╌╌╌╌╌╌╌╌╌╌╌┼╌╌╌╌╌╌╌╌╌╌╌╌╌╌╌╌╌╌╌╌╌╌┼╌╌╌╌╌╌╌╌╌╌╌╌╌╌╌╌╌╌╌╌╌╌┼╌╌╌╌╌╌╌╌╌╌╌╌╌╌╌╌╌╌╌╌╌╌┼╌╌╌╌╌╌╌╌╌╌╌╌╌╌╌╌╌╌╌╌╌╌┤ │
│ │ row_[**REDACTED**]   ┆ 2026-05-18T16:36:03. ┆ 2026-05-18T16:36:03. ┆ 2026-05-18T16:36:03. ┆ [planner.cpp]        ┆ [Plan]               ┆ [512]                ┆ [4278190335]         ┆ [ERROR]              ┆ [[demo.planner]      │ │
│ │                      ┆ 444026               ┆ 444026               ┆ 444026               ┆                      ┆                      ┆                      ┆                      ┆                      ┆ failed to find path  │ │
│ │                      ┆                      ┆                      ┆                      ┆                      ┆                      ┆                      ┆                      ┆                      ┆ to goal]             │ │
│ ├╌╌╌╌╌╌╌╌╌╌╌╌╌╌╌╌╌╌╌╌╌╌┼╌╌╌╌╌╌╌╌╌╌╌╌╌╌╌╌╌╌╌╌╌╌┼╌╌╌╌╌╌╌╌╌╌╌╌╌╌╌╌╌╌╌╌╌╌┼╌╌╌╌╌╌╌╌╌╌╌╌╌╌╌╌╌╌╌╌╌╌┼╌╌╌╌╌╌╌╌╌╌╌╌╌╌╌╌╌╌╌╌╌╌┼╌╌╌╌╌╌╌╌╌╌╌╌╌╌╌╌╌╌╌╌╌╌┼╌╌╌╌╌╌╌╌╌╌╌╌╌╌╌╌╌╌╌╌╌╌┼╌╌╌╌╌╌╌╌╌╌╌╌╌╌╌╌╌╌╌╌╌╌┼╌╌╌╌╌╌╌╌╌╌╌╌╌╌╌╌╌╌╌╌╌╌┼╌╌╌╌╌╌╌╌╌╌╌╌╌╌╌╌╌╌╌╌╌╌┤ │
│ │ row_[**REDACTED**]   ┆ 2026-05-18T16:36:03. ┆ 2026-05-18T16:36:03. ┆ 2026-05-18T16:36:03. ┆ [watchdog.cpp]       ┆ [Check]              ┆ [88]                 ┆ [2332033279]         ┆ [CRITICAL]           ┆ [[demo.watchdog]     │ │
│ │                      ┆ 494026               ┆ 494026               ┆ 494026               ┆                      ┆                      ┆                      ┆                      ┆                      ┆ heartbeat timeout,   │ │
│ │                      ┆                      ┆                      ┆                      ┆                      ┆                      ┆                      ┆                      ┆                      ┆ shutting down]       │ │
│ └──────────────────────┴──────────────────────┴──────────────────────┴──────────────────────┴──────────────────────┴──────────────────────┴──────────────────────┴──────────────────────┴──────────────────────┴──────────────────────┘ │
└─────────────────────────────────────────────────────────────────────────────────────────────────────────────────────────────────────────────────────────────────────────────────────────────────────────────────────────────────────────┘
