---
source: crates/store/re_dataframe/src/query.rs
assertion_line: 1602
expression: dataframe.all_columns_collected()
snapshot_kind: text
---
[
    Int64[0, 15, 30, 45, 60, 75, 90],
    Timestamp(Nanosecond, None)[None, 1970-01-01 00:00:00.000000010, None, None, None, 1970-01-01 00:00:00.000000070, 1970-01-01 00:00:00.000000070],
    ListArray[None, None, [2], [3], [4], [6], [6]],
    ListArray[[c], [c], [c], [c], [c], [c], [c]],
    ListArray[None, [{x: 0, y: 0}], [{x: 2, y: 2}], [{x: 3, y: 3}], [{x: 5, y: 5}], [{x: 8, y: 8}], [{x: 8, y: 8}]],
]
