---
source: crates/store/re_dataframe/src/query.rs
expression: DisplayRB(dataframe)
---
┌──────────────────────┬───────────────────────────────┬────────────────────────────────────┬────────────────────────────────────┬──────────────────────────────────────┐
│ frame_nr             ┆ log_time                      ┆ /this/that:example.MyPoints:colors ┆ /this/that:example.MyPoints:labels ┆ /this/that:example.MyPoints:points   │
│ ---                  ┆ ---                           ┆ ---                                ┆ ---                                ┆ ---                                  │
│ type: nullable i64   ┆ type: nullable Timestamp(ns)  ┆ type: nullable List[nullable u32]  ┆ type: nullable List[nullable Utf8] ┆ type: nullable List[nullable         │
│ index_name: frame_nr ┆ index_name: log_time          ┆ archetype: example.MyPoints        ┆ archetype: example.MyPoints        ┆ Struct[2]]                           │
│ kind: index          ┆ kind: index                   ┆ component: example.MyPoints:colors ┆ component: example.MyPoints:labels ┆ archetype: example.MyPoints          │
│                      ┆                               ┆ component_type: example.MyColor    ┆ component_type: example.MyLabel    ┆ component: example.MyPoints:points   │
│                      ┆                               ┆ entity_path: /this/that            ┆ entity_path: /this/that            ┆ component_type: example.MyPoint      │
│                      ┆                               ┆ kind: data                         ┆ is_static: true                    ┆ entity_path: /this/that              │
│                      ┆                               ┆                                    ┆ kind: data                         ┆ kind: data                           │
╞══════════════════════╪═══════════════════════════════╪════════════════════════════════════╪════════════════════════════════════╪══════════════════════════════════════╡
│ 10                   ┆ 1970-01-01T00:00:00.000000010 ┆ null                               ┆ [c]                                ┆ [{x: 0.0, y: 0.0}]                   │
├╌╌╌╌╌╌╌╌╌╌╌╌╌╌╌╌╌╌╌╌╌╌┼╌╌╌╌╌╌╌╌╌╌╌╌╌╌╌╌╌╌╌╌╌╌╌╌╌╌╌╌╌╌╌┼╌╌╌╌╌╌╌╌╌╌╌╌╌╌╌╌╌╌╌╌╌╌╌╌╌╌╌╌╌╌╌╌╌╌╌╌┼╌╌╌╌╌╌╌╌╌╌╌╌╌╌╌╌╌╌╌╌╌╌╌╌╌╌╌╌╌╌╌╌╌╌╌╌┼╌╌╌╌╌╌╌╌╌╌╌╌╌╌╌╌╌╌╌╌╌╌╌╌╌╌╌╌╌╌╌╌╌╌╌╌╌╌┤
│ 20                   ┆ null                          ┆ null                               ┆ [c]                                ┆ [{x: 1.0, y: 1.0}]                   │
├╌╌╌╌╌╌╌╌╌╌╌╌╌╌╌╌╌╌╌╌╌╌┼╌╌╌╌╌╌╌╌╌╌╌╌╌╌╌╌╌╌╌╌╌╌╌╌╌╌╌╌╌╌╌┼╌╌╌╌╌╌╌╌╌╌╌╌╌╌╌╌╌╌╌╌╌╌╌╌╌╌╌╌╌╌╌╌╌╌╌╌┼╌╌╌╌╌╌╌╌╌╌╌╌╌╌╌╌╌╌╌╌╌╌╌╌╌╌╌╌╌╌╌╌╌╌╌╌┼╌╌╌╌╌╌╌╌╌╌╌╌╌╌╌╌╌╌╌╌╌╌╌╌╌╌╌╌╌╌╌╌╌╌╌╌╌╌┤
│ 30                   ┆ null                          ┆ [2]                                ┆ [c]                                ┆ [{x: 2.0, y: 2.0}]                   │
├╌╌╌╌╌╌╌╌╌╌╌╌╌╌╌╌╌╌╌╌╌╌┼╌╌╌╌╌╌╌╌╌╌╌╌╌╌╌╌╌╌╌╌╌╌╌╌╌╌╌╌╌╌╌┼╌╌╌╌╌╌╌╌╌╌╌╌╌╌╌╌╌╌╌╌╌╌╌╌╌╌╌╌╌╌╌╌╌╌╌╌┼╌╌╌╌╌╌╌╌╌╌╌╌╌╌╌╌╌╌╌╌╌╌╌╌╌╌╌╌╌╌╌╌╌╌╌╌┼╌╌╌╌╌╌╌╌╌╌╌╌╌╌╌╌╌╌╌╌╌╌╌╌╌╌╌╌╌╌╌╌╌╌╌╌╌╌┤
│ 40                   ┆ null                          ┆ [3]                                ┆ [c]                                ┆ [{x: 3.0, y: 3.0}]                   │
├╌╌╌╌╌╌╌╌╌╌╌╌╌╌╌╌╌╌╌╌╌╌┼╌╌╌╌╌╌╌╌╌╌╌╌╌╌╌╌╌╌╌╌╌╌╌╌╌╌╌╌╌╌╌┼╌╌╌╌╌╌╌╌╌╌╌╌╌╌╌╌╌╌╌╌╌╌╌╌╌╌╌╌╌╌╌╌╌╌╌╌┼╌╌╌╌╌╌╌╌╌╌╌╌╌╌╌╌╌╌╌╌╌╌╌╌╌╌╌╌╌╌╌╌╌╌╌╌┼╌╌╌╌╌╌╌╌╌╌╌╌╌╌╌╌╌╌╌╌╌╌╌╌╌╌╌╌╌╌╌╌╌╌╌╌╌╌┤
│ 50                   ┆ 1970-01-01T00:00:00.000000050 ┆ [4]                                ┆ [c]                                ┆ [{x: 4.0, y: 4.0}]                   │
├╌╌╌╌╌╌╌╌╌╌╌╌╌╌╌╌╌╌╌╌╌╌┼╌╌╌╌╌╌╌╌╌╌╌╌╌╌╌╌╌╌╌╌╌╌╌╌╌╌╌╌╌╌╌┼╌╌╌╌╌╌╌╌╌╌╌╌╌╌╌╌╌╌╌╌╌╌╌╌╌╌╌╌╌╌╌╌╌╌╌╌┼╌╌╌╌╌╌╌╌╌╌╌╌╌╌╌╌╌╌╌╌╌╌╌╌╌╌╌╌╌╌╌╌╌╌╌╌┼╌╌╌╌╌╌╌╌╌╌╌╌╌╌╌╌╌╌╌╌╌╌╌╌╌╌╌╌╌╌╌╌╌╌╌╌╌╌┤
│ 60                   ┆ null                          ┆ null                               ┆ [c]                                ┆ [{x: 5.0, y: 5.0}]                   │
├╌╌╌╌╌╌╌╌╌╌╌╌╌╌╌╌╌╌╌╌╌╌┼╌╌╌╌╌╌╌╌╌╌╌╌╌╌╌╌╌╌╌╌╌╌╌╌╌╌╌╌╌╌╌┼╌╌╌╌╌╌╌╌╌╌╌╌╌╌╌╌╌╌╌╌╌╌╌╌╌╌╌╌╌╌╌╌╌╌╌╌┼╌╌╌╌╌╌╌╌╌╌╌╌╌╌╌╌╌╌╌╌╌╌╌╌╌╌╌╌╌╌╌╌╌╌╌╌┼╌╌╌╌╌╌╌╌╌╌╌╌╌╌╌╌╌╌╌╌╌╌╌╌╌╌╌╌╌╌╌╌╌╌╌╌╌╌┤
│ 70                   ┆ 1970-01-01T00:00:00.000000070 ┆ [6]                                ┆ [c]                                ┆ [{x: 8.0, y: 8.0}]                   │
└──────────────────────┴───────────────────────────────┴────────────────────────────────────┴────────────────────────────────────┴──────────────────────────────────────┘
