---
source: crates/store/re_dataframe/src/query.rs
expression: DisplayRB(dataframe)
snapshot_kind: text
---
┌──────────────────────┬──────────────────────┬─────────────────────────────┬─────────────────────────────┬─────────────────────────────┐
│ frame_nr             ┆ log_time             ┆ /this/that:example.MyColor  ┆ /this/that:example.MyLabel  ┆ /this/that:example.MyPoint  │
│ ---                  ┆ ---                  ┆ ---                         ┆ ---                         ┆ ---                         │
│ type: i64            ┆ type: Timestamp(ns)  ┆ type: List[u32]             ┆ type: List[Utf8]            ┆ type: List[Struct[2]]       │
│ index_name: frame_nr ┆ index_name: log_time ┆ archetype: example.MyPoints ┆ archetype: example.MyPoints ┆ archetype: example.MyPoints │
│ kind: index          ┆ kind: index          ┆ archetype_field: colors     ┆ archetype_field: labels     ┆ archetype_field: points     │
│                      ┆                      ┆ component: example.MyColor  ┆ component: example.MyLabel  ┆ component: example.MyPoint  │
│                      ┆                      ┆ entity_path: /this/that     ┆ entity_path: /this/that     ┆ entity_path: /this/that     │
│                      ┆                      ┆ kind: data                  ┆ is_static: true             ┆ kind: data                  │
│                      ┆                      ┆                             ┆ kind: data                  ┆                             │
╞══════════════════════╪══════════════════════╪═════════════════════════════╪═════════════════════════════╪═════════════════════════════╡
└──────────────────────┴──────────────────────┴─────────────────────────────┴─────────────────────────────┴─────────────────────────────┘
