---
source: crates/store/re_dataframe/src/query.rs
assertion_line: 2041
expression: dataframe.all_columns_collected()
snapshot_kind: text
---
[
    Int64[30, 40, 50, 70],
    Timestamp(Nanosecond, None)[None, None, None, None],
    NullArray(4),
    NullArray(4),
    ListArray[[2], [3], [4], [6]],
    ListArray[[c], [c], [c], [c]],
]
