---
source: crates/store/re_dataframe/src/query.rs
expression: DisplayRB(dataframe)
snapshot_kind: text
---
┌────────────────────────┬────────────────────────┬──────────────────────────────┬──────────────────────────────┐
│ frame_nr               ┆ log_time               ┆ /this/that:example.MyColor   ┆ /this/that:example.MyLabel   │
│ ---                    ┆ ---                    ┆ ---                          ┆ ---                          │
│ type: "i64"            ┆ type: "Timestamp(ns)"  ┆ type: "List[u32]"            ┆ type: "List[Utf8]"           │
│ index_name: "frame_nr" ┆ index_name: "log_time" ┆ component: "example.MyColor" ┆ component: "example.MyLabel" │
│ kind: "index"          ┆ kind: "index"          ┆ entity_path: "/this/that"    ┆ entity_path: "/this/that"    │
│                        ┆                        ┆ kind: "data"                 ┆ is_static: "true"            │
│                        ┆                        ┆                              ┆ kind: "data"                 │
╞════════════════════════╪════════════════════════╪══════════════════════════════╪══════════════════════════════╡
│ 30                     ┆ null                   ┆ [2]                          ┆ [c]                          │
├╌╌╌╌╌╌╌╌╌╌╌╌╌╌╌╌╌╌╌╌╌╌╌╌┼╌╌╌╌╌╌╌╌╌╌╌╌╌╌╌╌╌╌╌╌╌╌╌╌┼╌╌╌╌╌╌╌╌╌╌╌╌╌╌╌╌╌╌╌╌╌╌╌╌╌╌╌╌╌╌┼╌╌╌╌╌╌╌╌╌╌╌╌╌╌╌╌╌╌╌╌╌╌╌╌╌╌╌╌╌╌┤
│ 40                     ┆ null                   ┆ [3]                          ┆ [c]                          │
├╌╌╌╌╌╌╌╌╌╌╌╌╌╌╌╌╌╌╌╌╌╌╌╌┼╌╌╌╌╌╌╌╌╌╌╌╌╌╌╌╌╌╌╌╌╌╌╌╌┼╌╌╌╌╌╌╌╌╌╌╌╌╌╌╌╌╌╌╌╌╌╌╌╌╌╌╌╌╌╌┼╌╌╌╌╌╌╌╌╌╌╌╌╌╌╌╌╌╌╌╌╌╌╌╌╌╌╌╌╌╌┤
│ 50                     ┆ null                   ┆ [4]                          ┆ [c]                          │
├╌╌╌╌╌╌╌╌╌╌╌╌╌╌╌╌╌╌╌╌╌╌╌╌┼╌╌╌╌╌╌╌╌╌╌╌╌╌╌╌╌╌╌╌╌╌╌╌╌┼╌╌╌╌╌╌╌╌╌╌╌╌╌╌╌╌╌╌╌╌╌╌╌╌╌╌╌╌╌╌┼╌╌╌╌╌╌╌╌╌╌╌╌╌╌╌╌╌╌╌╌╌╌╌╌╌╌╌╌╌╌┤
│ 70                     ┆ null                   ┆ [6]                          ┆ [c]                          │
└────────────────────────┴────────────────────────┴──────────────────────────────┴──────────────────────────────┘
