---
source: crates/store/re_dataframe/src/query.rs
assertion_line: 1806
expression: dataframe
snapshot_kind: text
---
┌───────────────────────────────────────────────────────────────────────────────────────────────────────────────────────────────────────────────────────┐
│ CHUNK METADATA:                                                                                                                                       │
│                                                                                                                                                       │
├╌╌╌╌╌╌╌╌╌╌╌╌╌╌╌╌╌╌╌╌╌╌╌╌╌╌╌╌╌╌╌╌╌╌╌╌╌╌╌╌╌╌╌╌╌╌╌╌╌╌╌╌╌╌╌╌╌╌╌╌╌╌╌╌╌╌╌╌╌╌╌╌╌╌╌╌╌╌╌╌╌╌╌╌╌╌╌╌╌╌╌╌╌╌╌╌╌╌╌╌╌╌╌╌╌╌╌╌╌╌╌╌╌╌╌╌╌╌╌╌╌╌╌╌╌╌╌╌╌╌╌╌╌╌╌╌╌╌╌╌╌╌╌╌╌╌╌╌╌╌╌┤
│ ┌───────────────────────────────┬───────────────────────────────┬─────────────────────────────────────────┬─────────────────────────────────────────┐ │
│ │ frame_nr                      ┆ log_time                      ┆ /this/that:example.MyColor              ┆ /this/that:example.MyLabel              │ │
│ │ ---                           ┆ ---                           ┆ ---                                     ┆ ---                                     │ │
│ │ type: "i64"                   ┆ type: "Timestamp(ns)"         ┆ type: "List[u32]"                       ┆ type: "List[Utf8]"                      │ │
│ │ sorbet.index_name: "frame_nr" ┆ sorbet.index_name: "log_time" ┆ sorbet.path: "/this/that"               ┆ sorbet.is_static: "yes"                 │ │
│ │                               ┆                               ┆ sorbet.semantic_type: "example.MyColor" ┆ sorbet.path: "/this/that"               │ │
│ │                               ┆                               ┆                                         ┆ sorbet.semantic_type: "example.MyLabel" │ │
│ ╞═══════════════════════════════╪═══════════════════════════════╪═════════════════════════════════════════╪═════════════════════════════════════════╡ │
│ │ 30                            ┆                               ┆ [2]                                     ┆ [c]                                     │ │
│ ├╌╌╌╌╌╌╌╌╌╌╌╌╌╌╌╌╌╌╌╌╌╌╌╌╌╌╌╌╌╌╌┼╌╌╌╌╌╌╌╌╌╌╌╌╌╌╌╌╌╌╌╌╌╌╌╌╌╌╌╌╌╌╌┼╌╌╌╌╌╌╌╌╌╌╌╌╌╌╌╌╌╌╌╌╌╌╌╌╌╌╌╌╌╌╌╌╌╌╌╌╌╌╌╌╌┼╌╌╌╌╌╌╌╌╌╌╌╌╌╌╌╌╌╌╌╌╌╌╌╌╌╌╌╌╌╌╌╌╌╌╌╌╌╌╌╌╌┤ │
│ │ 40                            ┆                               ┆ [3]                                     ┆ [c]                                     │ │
│ ├╌╌╌╌╌╌╌╌╌╌╌╌╌╌╌╌╌╌╌╌╌╌╌╌╌╌╌╌╌╌╌┼╌╌╌╌╌╌╌╌╌╌╌╌╌╌╌╌╌╌╌╌╌╌╌╌╌╌╌╌╌╌╌┼╌╌╌╌╌╌╌╌╌╌╌╌╌╌╌╌╌╌╌╌╌╌╌╌╌╌╌╌╌╌╌╌╌╌╌╌╌╌╌╌╌┼╌╌╌╌╌╌╌╌╌╌╌╌╌╌╌╌╌╌╌╌╌╌╌╌╌╌╌╌╌╌╌╌╌╌╌╌╌╌╌╌╌┤ │
│ │ 50                            ┆                               ┆ [4]                                     ┆ [c]                                     │ │
│ ├╌╌╌╌╌╌╌╌╌╌╌╌╌╌╌╌╌╌╌╌╌╌╌╌╌╌╌╌╌╌╌┼╌╌╌╌╌╌╌╌╌╌╌╌╌╌╌╌╌╌╌╌╌╌╌╌╌╌╌╌╌╌╌┼╌╌╌╌╌╌╌╌╌╌╌╌╌╌╌╌╌╌╌╌╌╌╌╌╌╌╌╌╌╌╌╌╌╌╌╌╌╌╌╌╌┼╌╌╌╌╌╌╌╌╌╌╌╌╌╌╌╌╌╌╌╌╌╌╌╌╌╌╌╌╌╌╌╌╌╌╌╌╌╌╌╌╌┤ │
│ │ 70                            ┆                               ┆ [6]                                     ┆ [c]                                     │ │
│ └───────────────────────────────┴───────────────────────────────┴─────────────────────────────────────────┴─────────────────────────────────────────┘ │
└───────────────────────────────────────────────────────────────────────────────────────────────────────────────────────────────────────────────────────┘
