---
source: crates/store/re_tf/src/transform_forest.rs
expression: "pretty_print_transform_frame_ids_in(transform_forest.root_info(TransformFrameIdHash::from_entity_path(&EntityPath::from(\"top/pinhole\"))),\n&all_transform_frame_ids)"
---
Some(
    Pinhole(
        PinholeTreeRoot {
            parent_tree_root: rerun_tf#/,
            pinhole_projection: ResolvedPinholeProjection {
                image_from_camera: PinholeProjection(
                    Mat3x3(
                        [
                            1.0,
                            0.0,
                            0.0,
                            0.0,
                            2.0,
                            0.0,
                            50.0,
                            100.0,
                            1.0,
                        ],
                    ),
                ),
                resolution: Some(
                    Resolution(
                        Vec2D(
                            [
                                100.0,
                                200.0,
                            ],
                        ),
                    ),
                ),
                view_coordinates: ViewCoordinates(
                    ViewCoordinates(
                        [
                            3,
                            2,
                            5,
                        ],
                    ),
                ),
            },
            parent_root_from_pinhole_root: Affine3A {
                matrix3: Mat3A {
                    x_axis: Vec3A(
                        1.0,
                        0.0,
                        0.0,
                    ),
                    y_axis: Vec3A(
                        0.0,
                        1.0,
                        0.0,
                    ),
                    z_axis: Vec3A(
                        0.0,
                        0.0,
                        1.0,
                    ),
                },
                translation: Vec3A(
                    1.0,
                    1.0,
                    0.0,
                ),
            },
        },
    ),
)
