---
source: crates/store/re_data_loader/src/loader_mcap/tests/foxglove/test_compressed_image.rs
expression: "format!(\"{:-240}\", chunk)"
---
┌────────────────────────────────────────────────────────────────────────────────────────────────────────────────────────────────────────────────────────────────────────────────────────────────────────────────────────────────────────┐
│ METADATA:                                                                                                                                                                                                                              │
│ * entity_path: /camera/compressed_image                                                                                                                                                                                                │
│ * id: [**REDACTED**]                                                                                                                                                                                                                   │
│ * version: [**REDACTED**]                                                                                                                                                                                                              │
├╌╌╌╌╌╌╌╌╌╌╌╌╌╌╌╌╌╌╌╌╌╌╌╌╌╌╌╌╌╌╌╌╌╌╌╌╌╌╌╌╌╌╌╌╌╌╌╌╌╌╌╌╌╌╌╌╌╌╌╌╌╌╌╌╌╌╌╌╌╌╌╌╌╌╌╌╌╌╌╌╌╌╌╌╌╌╌╌╌╌╌╌╌╌╌╌╌╌╌╌╌╌╌╌╌╌╌╌╌╌╌╌╌╌╌╌╌╌╌╌╌╌╌╌╌╌╌╌╌╌╌╌╌╌╌╌╌╌╌╌╌╌╌╌╌╌╌╌╌╌╌╌╌╌╌╌╌╌╌╌╌╌╌╌╌╌╌╌╌╌╌╌╌╌╌╌╌╌╌╌╌╌╌╌╌╌╌╌╌╌╌╌╌╌╌╌╌╌╌╌╌╌╌╌╌╌╌╌╌╌╌╌╌╌╌╌╌╌╌╌╌╌╌╌╌╌╌╌╌╌╌╌┤
│ ┌────────────────────────────────┬───────────────────────────────┬────────────────────────────────┬───────────────────────────────┬────────────────────────────────┬────────────────────────────────┬────────────────────────────────┐ │
│ │ RowId                          ┆ message_log_time              ┆ message_publish_time           ┆ timestamp                     ┆ CoordinateFrame:frame          ┆ EncodedImage:blob              ┆ EncodedImage:media_type        │ │
│ │ ---                            ┆ ---                           ┆ ---                            ┆ ---                           ┆ ---                            ┆ ---                            ┆ ---                            │ │
│ │ type: non-null                 ┆ type: Timestamp(ns)           ┆ type: Timestamp(ns)            ┆ type: Timestamp(ns)           ┆ type: List(Utf8)               ┆ type: List(List(non-null       ┆ type: List(Utf8)               │ │
│ │ FixedSizeBinary(16)            ┆ index_name: message_log_time  ┆ index_name:                    ┆ index_name: timestamp         ┆ archetype: CoordinateFrame     ┆ UInt8))                        ┆ archetype: EncodedImage        │ │
│ │ ARROW:extension:metadata:      ┆ is_sorted: true               ┆ message_publish_time           ┆ is_sorted: true               ┆ component:                     ┆ archetype: EncodedImage        ┆ component:                     │ │
│ │ {"namespace":"row"}            ┆ kind: index                   ┆ is_sorted: true                ┆ kind: index                   ┆ CoordinateFrame:frame          ┆ component: EncodedImage:blob   ┆ EncodedImage:media_type        │ │
│ │ ARROW:extension:name: TUID     ┆                               ┆ kind: index                    ┆                               ┆ component_type:                ┆ component_type: Blob           ┆ component_type: MediaType      │ │
│ │ is_sorted: true                ┆                               ┆                                ┆                               ┆ TransformFrameId               ┆ kind: data                     ┆ kind: data                     │ │
│ │ kind: control                  ┆                               ┆                                ┆                               ┆ kind: data                     ┆                                ┆                                │ │
│ ╞════════════════════════════════╪═══════════════════════════════╪════════════════════════════════╪═══════════════════════════════╪════════════════════════════════╪════════════════════════════════╪════════════════════════════════╡ │
│ │ row_[**REDACTED**]             ┆ 2026-04-02T13:27:59.717618944 ┆ 2026-04-02T13:27:59.717618944  ┆ 2026-04-02T13:27:59.717618944 ┆ [camera_optical_frame_image_pl ┆ [[255, 216, 255, 224, 0, 16,   ┆ [image/jpeg]                   │ │
│ │                                ┆                               ┆                                ┆                               ┆ ane]                           ┆ 74, 70, 73, 70, 0, 1, 1, 0, 0, ┆                                │ │
│ │                                ┆                               ┆                                ┆                               ┆                                ┆ 1, 0, 1, 0, 0, 255, 219, 0,    ┆                                │ │
│ │                                ┆                               ┆                                ┆                               ┆                                ┆ 67, 0, 8, 6…                   ┆                                │ │
│ └────────────────────────────────┴───────────────────────────────┴────────────────────────────────┴───────────────────────────────┴────────────────────────────────┴────────────────────────────────┴────────────────────────────────┘ │
└────────────────────────────────────────────────────────────────────────────────────────────────────────────────────────────────────────────────────────────────────────────────────────────────────────────────────────────────────────┘
