---
source: crates/store/re_data_loader/src/loader_mcap/tests/foxglove/test_compressed_video.rs
expression: "format!(\"{:-240}\", chunk)"
---
┌──────────────────────────────────────────────────────────────────────────────────────────────────────────────────────────────────────────────────────────────────────────────────────────────────────────────────────────────────────┐
│ METADATA:                                                                                                                                                                                                                            │
│ * entity_path: /compressed_video                                                                                                                                                                                                     │
│ * id: [**REDACTED**]                                                                                                                                                                                                                 │
│ * version: [**REDACTED**]                                                                                                                                                                                                            │
├╌╌╌╌╌╌╌╌╌╌╌╌╌╌╌╌╌╌╌╌╌╌╌╌╌╌╌╌╌╌╌╌╌╌╌╌╌╌╌╌╌╌╌╌╌╌╌╌╌╌╌╌╌╌╌╌╌╌╌╌╌╌╌╌╌╌╌╌╌╌╌╌╌╌╌╌╌╌╌╌╌╌╌╌╌╌╌╌╌╌╌╌╌╌╌╌╌╌╌╌╌╌╌╌╌╌╌╌╌╌╌╌╌╌╌╌╌╌╌╌╌╌╌╌╌╌╌╌╌╌╌╌╌╌╌╌╌╌╌╌╌╌╌╌╌╌╌╌╌╌╌╌╌╌╌╌╌╌╌╌╌╌╌╌╌╌╌╌╌╌╌╌╌╌╌╌╌╌╌╌╌╌╌╌╌╌╌╌╌╌╌╌╌╌╌╌╌╌╌╌╌╌╌╌╌╌╌╌╌╌╌╌╌╌╌╌╌╌╌╌╌╌╌╌╌╌╌╌╌╌┤
│ ┌────────────────────────────────┬───────────────────────────────┬────────────────────────────────┬───────────────────────────────┬────────────────────────────────┬──────────────────────────────┬────────────────────────────────┐ │
│ │ RowId                          ┆ message_log_time              ┆ message_publish_time           ┆ timestamp                     ┆ CoordinateFrame:frame          ┆ VideoStream:codec            ┆ VideoStream:sample             │ │
│ │ ---                            ┆ ---                           ┆ ---                            ┆ ---                           ┆ ---                            ┆ ---                          ┆ ---                            │ │
│ │ type: non-null                 ┆ type: Timestamp(ns)           ┆ type: Timestamp(ns)            ┆ type: Timestamp(ns)           ┆ type: List(Utf8)               ┆ type: List(UInt32)           ┆ type: List(List(non-null       │ │
│ │ FixedSizeBinary(16)            ┆ index_name: message_log_time  ┆ index_name:                    ┆ index_name: timestamp         ┆ archetype: CoordinateFrame     ┆ archetype: VideoStream       ┆ UInt8))                        │ │
│ │ ARROW:extension:metadata:      ┆ is_sorted: true               ┆ message_publish_time           ┆ is_sorted: true               ┆ component:                     ┆ component: VideoStream:codec ┆ archetype: VideoStream         │ │
│ │ {"namespace":"row"}            ┆ kind: index                   ┆ is_sorted: true                ┆ kind: index                   ┆ CoordinateFrame:frame          ┆ component_type: VideoCodec   ┆ component: VideoStream:sample  │ │
│ │ ARROW:extension:name: TUID     ┆                               ┆ kind: index                    ┆                               ┆ component_type:                ┆ kind: data                   ┆ component_type: VideoSample    │ │
│ │ is_sorted: true                ┆                               ┆                                ┆                               ┆ TransformFrameId               ┆                              ┆ kind: data                     │ │
│ │ kind: control                  ┆                               ┆                                ┆                               ┆ kind: data                     ┆                              ┆                                │ │
│ ╞════════════════════════════════╪═══════════════════════════════╪════════════════════════════════╪═══════════════════════════════╪════════════════════════════════╪══════════════════════════════╪════════════════════════════════╡ │
│ │ row_[**REDACTED**]             ┆ 1970-01-01T00:00:00           ┆ 1970-01-01T00:00:00            ┆ 1970-01-01T00:00:00           ┆ [camera_frame_image_plane]     ┆ [1635148593]                 ┆ [[0, 0, 0, 1, 103, 100, 16,    │ │
│ │                                ┆                               ┆                                ┆                               ┆                                ┆                              ┆ 10, 172, 184, 143, 66, 0, 0,   │ │
│ │                                ┆                               ┆                                ┆                               ┆                                ┆                              ┆ 3, 0, 2, 0, 0, 3, 0, 121, 8,   │ │
│ │                                ┆                               ┆                                ┆                               ┆                                ┆                              ┆ 0, 0, 0, 1, 1…                 │ │
│ ├╌╌╌╌╌╌╌╌╌╌╌╌╌╌╌╌╌╌╌╌╌╌╌╌╌╌╌╌╌╌╌╌┼╌╌╌╌╌╌╌╌╌╌╌╌╌╌╌╌╌╌╌╌╌╌╌╌╌╌╌╌╌╌╌┼╌╌╌╌╌╌╌╌╌╌╌╌╌╌╌╌╌╌╌╌╌╌╌╌╌╌╌╌╌╌╌╌┼╌╌╌╌╌╌╌╌╌╌╌╌╌╌╌╌╌╌╌╌╌╌╌╌╌╌╌╌╌╌╌┼╌╌╌╌╌╌╌╌╌╌╌╌╌╌╌╌╌╌╌╌╌╌╌╌╌╌╌╌╌╌╌╌┼╌╌╌╌╌╌╌╌╌╌╌╌╌╌╌╌╌╌╌╌╌╌╌╌╌╌╌╌╌╌┼╌╌╌╌╌╌╌╌╌╌╌╌╌╌╌╌╌╌╌╌╌╌╌╌╌╌╌╌╌╌╌╌┤ │
│ │ row_[**REDACTED**]             ┆ 1970-01-01T00:00:00.033333333 ┆ 1970-01-01T00:00:00.033333333  ┆ 1970-01-01T00:00:00.033333333 ┆ [camera_frame_image_plane]     ┆ [1635148593]                 ┆ [[0, 0, 0, 1, 103, 100, 16,    │ │
│ │                                ┆                               ┆                                ┆                               ┆                                ┆                              ┆ 10, 172, 184, 143, 66, 0, 0,   │ │
│ │                                ┆                               ┆                                ┆                               ┆                                ┆                              ┆ 3, 0, 2, 0, 0, 3, 0, 121, 8,   │ │
│ │                                ┆                               ┆                                ┆                               ┆                                ┆                              ┆ 0, 0, 0, 1, 1…                 │ │
│ ├╌╌╌╌╌╌╌╌╌╌╌╌╌╌╌╌╌╌╌╌╌╌╌╌╌╌╌╌╌╌╌╌┼╌╌╌╌╌╌╌╌╌╌╌╌╌╌╌╌╌╌╌╌╌╌╌╌╌╌╌╌╌╌╌┼╌╌╌╌╌╌╌╌╌╌╌╌╌╌╌╌╌╌╌╌╌╌╌╌╌╌╌╌╌╌╌╌┼╌╌╌╌╌╌╌╌╌╌╌╌╌╌╌╌╌╌╌╌╌╌╌╌╌╌╌╌╌╌╌┼╌╌╌╌╌╌╌╌╌╌╌╌╌╌╌╌╌╌╌╌╌╌╌╌╌╌╌╌╌╌╌╌┼╌╌╌╌╌╌╌╌╌╌╌╌╌╌╌╌╌╌╌╌╌╌╌╌╌╌╌╌╌╌┼╌╌╌╌╌╌╌╌╌╌╌╌╌╌╌╌╌╌╌╌╌╌╌╌╌╌╌╌╌╌╌╌┤ │
│ │ row_[**REDACTED**]             ┆ 1970-01-01T00:00:00.066666666 ┆ 1970-01-01T00:00:00.066666666  ┆ 1970-01-01T00:00:00.066666666 ┆ [camera_frame_image_plane]     ┆ [1635148593]                 ┆ [[0, 0, 0, 1, 103, 100, 16,    │ │
│ │                                ┆                               ┆                                ┆                               ┆                                ┆                              ┆ 10, 172, 184, 143, 66, 0, 0,   │ │
│ │                                ┆                               ┆                                ┆                               ┆                                ┆                              ┆ 3, 0, 2, 0, 0, 3, 0, 121, 8,   │ │
│ │                                ┆                               ┆                                ┆                               ┆                                ┆                              ┆ 0, 0, 0, 1, 1…                 │ │
│ └────────────────────────────────┴───────────────────────────────┴────────────────────────────────┴───────────────────────────────┴────────────────────────────────┴──────────────────────────────┴────────────────────────────────┘ │
└──────────────────────────────────────────────────────────────────────────────────────────────────────────────────────────────────────────────────────────────────────────────────────────────────────────────────────────────────────┘
