---
source: crates/store/re_data_loader/src/loader_mcap/tests/foxglove/test_raw_image.rs
expression: "format!(\"{:-240}\", chunk)"
---
┌────────────────────────────────────────────────────────────────────────────────────────────────────────────────────────────────────────────────────────────────────────────────────────────────────────────────────────────────────────┐
│ METADATA:                                                                                                                                                                                                                              │
│ * entity_path: /camera/raw_image                                                                                                                                                                                                       │
│ * heap_size_bytes: [**REDACTED**]                                                                                                                                                                                                      │
│ * id: [**REDACTED**]                                                                                                                                                                                                                   │
│ * version: [**REDACTED**]                                                                                                                                                                                                              │
├╌╌╌╌╌╌╌╌╌╌╌╌╌╌╌╌╌╌╌╌╌╌╌╌╌╌╌╌╌╌╌╌╌╌╌╌╌╌╌╌╌╌╌╌╌╌╌╌╌╌╌╌╌╌╌╌╌╌╌╌╌╌╌╌╌╌╌╌╌╌╌╌╌╌╌╌╌╌╌╌╌╌╌╌╌╌╌╌╌╌╌╌╌╌╌╌╌╌╌╌╌╌╌╌╌╌╌╌╌╌╌╌╌╌╌╌╌╌╌╌╌╌╌╌╌╌╌╌╌╌╌╌╌╌╌╌╌╌╌╌╌╌╌╌╌╌╌╌╌╌╌╌╌╌╌╌╌╌╌╌╌╌╌╌╌╌╌╌╌╌╌╌╌╌╌╌╌╌╌╌╌╌╌╌╌╌╌╌╌╌╌╌╌╌╌╌╌╌╌╌╌╌╌╌╌╌╌╌╌╌╌╌╌╌╌╌╌╌╌╌╌╌╌╌╌╌╌╌╌╌╌╌┤
│ ┌────────────────────────────────┬───────────────────────────────┬────────────────────────────────┬───────────────────────────────┬────────────────────────────────┬────────────────────────────────┬────────────────────────────────┐ │
│ │ RowId                          ┆ message_log_time              ┆ message_publish_time           ┆ timestamp                     ┆ CoordinateFrame:frame          ┆ Image:buffer                   ┆ Image:format                   │ │
│ │ ---                            ┆ ---                           ┆ ---                            ┆ ---                           ┆ ---                            ┆ ---                            ┆ ---                            │ │
│ │ type: FixedSizeBinary[16]      ┆ type: nullable Timestamp(ns)  ┆ type: nullable Timestamp(ns)   ┆ type: nullable Timestamp(ns)  ┆ type: nullable List[nullable   ┆ type: nullable List[nullable   ┆ type: nullable List[nullable   │ │
│ │ ARROW:extension:metadata:      ┆ index_name: message_log_time  ┆ index_name:                    ┆ index_name: timestamp         ┆ Utf8]                          ┆ List[u8]]                      ┆ Struct[5]]                     │ │
│ │ {"namespace":"row"}            ┆ is_sorted: true               ┆ message_publish_time           ┆ is_sorted: true               ┆ archetype: CoordinateFrame     ┆ archetype: Image               ┆ archetype: Image               │ │
│ │ ARROW:extension:name: TUID     ┆ kind: index                   ┆ is_sorted: true                ┆ kind: index                   ┆ component:                     ┆ component: Image:buffer        ┆ component: Image:format        │ │
│ │ is_sorted: true                ┆                               ┆ kind: index                    ┆                               ┆ CoordinateFrame:frame          ┆ component_type: ImageBuffer    ┆ component_type: ImageFormat    │ │
│ │ kind: control                  ┆                               ┆                                ┆                               ┆ component_type:                ┆ kind: data                     ┆ kind: data                     │ │
│ │                                ┆                               ┆                                ┆                               ┆ TransformFrameId               ┆                                ┆                                │ │
│ │                                ┆                               ┆                                ┆                               ┆ kind: data                     ┆                                ┆                                │ │
│ ╞════════════════════════════════╪═══════════════════════════════╪════════════════════════════════╪═══════════════════════════════╪════════════════════════════════╪════════════════════════════════╪════════════════════════════════╡ │
│ │ row_[**REDACTED**]             ┆ 2026-02-11T11:30:54.931614976 ┆ 2026-02-11T11:30:54.931614976  ┆ 2026-02-11T11:30:54.931614976 ┆ [camera_frame_image_plane]     ┆ [[255, 0, 0, 255, 127, 0, 255, ┆ [{width: 10, height: 10,       │ │
│ │                                ┆                               ┆                                ┆                               ┆                                ┆ 255, 0, 0, 255, 0, 0, 0, 255,  ┆ pixel_format: null,            │ │
│ │                                ┆                               ┆                                ┆                               ┆                                ┆ 75, 0, 130, 148, 0, 211, 255,  ┆ color_model: 2,                │ │
│ │                                ┆                               ┆                                ┆                               ┆                                ┆ 0, 0, 25…                      ┆ channel_datatype: 6}]          │ │
│ └────────────────────────────────┴───────────────────────────────┴────────────────────────────────┴───────────────────────────────┴────────────────────────────────┴────────────────────────────────┴────────────────────────────────┘ │
└────────────────────────────────────────────────────────────────────────────────────────────────────────────────────────────────────────────────────────────────────────────────────────────────────────────────────────────────────────┘
