---
source: crates/store/re_data_loader/src/loader_mcap/tests/foxglove/test_point_cloud.rs
expression: "format!(\"{:-240}\", chunk)"
---
┌────────────────────────────────────────────────────────────────────────────────────────────────────────────────────────────────────────────────────────────────────────────────────────────────────────────────────────────────────────┐
│ METADATA:                                                                                                                                                                                                                              │
│ * entity_path: /point_cloud                                                                                                                                                                                                            │
│ * heap_size_bytes: [**REDACTED**]                                                                                                                                                                                                      │
│ * id: [**REDACTED**]                                                                                                                                                                                                                   │
│ * version: [**REDACTED**]                                                                                                                                                                                                              │
├╌╌╌╌╌╌╌╌╌╌╌╌╌╌╌╌╌╌╌╌╌╌╌╌╌╌╌╌╌╌╌╌╌╌╌╌╌╌╌╌╌╌╌╌╌╌╌╌╌╌╌╌╌╌╌╌╌╌╌╌╌╌╌╌╌╌╌╌╌╌╌╌╌╌╌╌╌╌╌╌╌╌╌╌╌╌╌╌╌╌╌╌╌╌╌╌╌╌╌╌╌╌╌╌╌╌╌╌╌╌╌╌╌╌╌╌╌╌╌╌╌╌╌╌╌╌╌╌╌╌╌╌╌╌╌╌╌╌╌╌╌╌╌╌╌╌╌╌╌╌╌╌╌╌╌╌╌╌╌╌╌╌╌╌╌╌╌╌╌╌╌╌╌╌╌╌╌╌╌╌╌╌╌╌╌╌╌╌╌╌╌╌╌╌╌╌╌╌╌╌╌╌╌╌╌╌╌╌╌╌╌╌╌╌╌╌╌╌╌╌╌╌╌╌╌╌╌╌╌╌╌╌┤
│ ┌────────────────────────────────┬───────────────────────────────┬────────────────────────────────┬───────────────────────────────┬────────────────────────────────┬────────────────────────────────┬────────────────────────────────┐ │
│ │ RowId                          ┆ message_log_time              ┆ message_publish_time           ┆ timestamp                     ┆ CoordinateFrame:frame          ┆ Points3D:colors                ┆ Points3D:positions             │ │
│ │ ---                            ┆ ---                           ┆ ---                            ┆ ---                           ┆ ---                            ┆ ---                            ┆ ---                            │ │
│ │ type: FixedSizeBinary[16]      ┆ type: nullable Timestamp(ns)  ┆ type: nullable Timestamp(ns)   ┆ type: nullable Timestamp(ns)  ┆ type: nullable List[nullable   ┆ type: nullable List[nullable   ┆ type: nullable List[nullable   │ │
│ │ ARROW:extension:metadata:      ┆ index_name: message_log_time  ┆ index_name:                    ┆ index_name: timestamp         ┆ Utf8]                          ┆ u32]                           ┆ FixedSizeList[f32; 3]]         │ │
│ │ {"namespace":"row"}            ┆ is_sorted: true               ┆ message_publish_time           ┆ is_sorted: true               ┆ archetype: CoordinateFrame     ┆ archetype: Points3D            ┆ archetype: Points3D            │ │
│ │ ARROW:extension:name: TUID     ┆ kind: index                   ┆ is_sorted: true                ┆ kind: index                   ┆ component:                     ┆ component: Points3D:colors     ┆ component: Points3D:positions  │ │
│ │ is_sorted: true                ┆                               ┆ kind: index                    ┆                               ┆ CoordinateFrame:frame          ┆ component_type: Color          ┆ component_type: Position3D     │ │
│ │ kind: control                  ┆                               ┆                                ┆                               ┆ component_type:                ┆ kind: data                     ┆ kind: data                     │ │
│ │                                ┆                               ┆                                ┆                               ┆ TransformFrameId               ┆                                ┆                                │ │
│ │                                ┆                               ┆                                ┆                               ┆ kind: data                     ┆                                ┆                                │ │
│ ╞════════════════════════════════╪═══════════════════════════════╪════════════════════════════════╪═══════════════════════════════╪════════════════════════════════╪════════════════════════════════╪════════════════════════════════╡ │
│ │ row_[**REDACTED**]             ┆ 2026-02-17T14:13:33.852164096 ┆ 2026-02-17T14:13:33.852164096  ┆ 2026-02-17T14:13:33.852164096 ┆ [world]                        ┆ [4278190335, 16711935, 65535,  ┆ [[0.0, 0.0, 0.0], [1.0, 0.0,   │ │
│ │                                ┆                               ┆                                ┆                               ┆                                ┆ 4294902015, 4278255615,        ┆ 0.0], [1.0, 1.0, 0.0], [0.0,   │ │
│ │                                ┆                               ┆                                ┆                               ┆                                ┆ 16777215, 4294967295,          ┆ 1.0, 0.0], [0.0, 0.0, 1.0],    │ │
│ │                                ┆                               ┆                                ┆                               ┆                                ┆ 4286578943]                    ┆ [1.0, 0.0, 1.…                 │ │
│ └────────────────────────────────┴───────────────────────────────┴────────────────────────────────┴───────────────────────────────┴────────────────────────────────┴────────────────────────────────┴────────────────────────────────┘ │
└────────────────────────────────────────────────────────────────────────────────────────────────────────────────────────────────────────────────────────────────────────────────────────────────────────────────────────────────────────┘
