---
source: crates/store/re_chunk_store/tests/formatting.rs
expression: "format!(\"{:200}\", store)"
---
ChunkStore {
    id: test_id
    config: ChunkStoreConfig { enable_changelog: true, chunk_max_bytes: 393216, chunk_max_rows: 4096, chunk_max_rows_if_unsorted: 1024 }
    stats: {
        num_chunks: 1
        total_size_bytes: 2.0 KiB
        num_rows: 1
        num_events: 2
    }
    chunks: [
        ┌──────────────────────────────────────────────────────────────────────────────────────────────────────────────────────────────┐
        │ CHUNK METADATA:                                                                                                              │
        │ * entity_path: "/this/that"                                                                                                  │
        │ * heap_size_bytes: "1784"                                                                                                    │
        │ * id: "661EFDF2E3B19F7C045F15"                                                                                               │
        │ * is_sorted: ""                                                                                                              │
        ├╌╌╌╌╌╌╌╌╌╌╌╌╌╌╌╌╌╌╌╌╌╌╌╌╌╌╌╌╌╌╌╌╌╌╌╌╌╌╌╌╌╌╌╌╌╌╌╌╌╌╌╌╌╌╌╌╌╌╌╌╌╌╌╌╌╌╌╌╌╌╌╌╌╌╌╌╌╌╌╌╌╌╌╌╌╌╌╌╌╌╌╌╌╌╌╌╌╌╌╌╌╌╌╌╌╌╌╌╌╌╌╌╌╌╌╌╌╌╌╌╌╌╌╌╌╌┤
        │ ┌──────────────────────────────────┬───────────────┬───────────────────────────────┬───────────────────┬───────────────────┐ │
        │ │ RowId                            ┆ frame_nr      ┆ log_time                      ┆ example.MyColor   ┆ example.MyIndex   │ │
        │ │ ---                              ┆ ---           ┆ ---                           ┆ ---               ┆ ---               │ │
        │ │ type: "Struct[2]"                ┆ type: "i64"   ┆ type: "Timestamp(ns)"         ┆ type: "List[u32]" ┆ type: "List[u64]" │ │
        │ │ ARROW:extension:name: "TUID"     ┆ is_sorted: "" ┆ is_sorted: ""                 ┆ kind: "data"      ┆ kind: "data"      │ │
        │ │ kind: "control"                  ┆ kind: "time"  ┆ kind: "time"                  ┆                   ┆                   │ │
        │ ╞══════════════════════════════════╪═══════════════╪═══════════════════════════════╪═══════════════════╪═══════════════════╡ │
        │ │ 0000000067816A6BB4B8C1254D40007B ┆ 1             ┆ 2025-01-10T18:43:42.123456789 ┆ [0, 1, 2]         ┆ [0, 1, 2]         │ │
        │ └──────────────────────────────────┴───────────────┴───────────────────────────────┴───────────────────┴───────────────────┘ │
        └──────────────────────────────────────────────────────────────────────────────────────────────────────────────────────────────┘
    ]
}
