---
source: crates/store/re_chunk_store/tests/memory_test.rs
assertion_line: 133
expression: "[format!(\"{NUM_SCALARS} scalars\"),\nformat!(\"{} in total\", re_format::format_bytes(total_mem_use_global as _)),\nformat!(\"{} per row\",\nre_format::format_bytes(total_mem_use_global as f64 / NUM_SCALARS as f64)),]"
snapshot_kind: text
---
[
    "1048576 scalars",
    "37.0 MiB in total",
    "37 B per row",
]
