---
source: crates/utils/re_arrow_util/src/transform.rs
expression: "format!(\"{}\", DisplayRB::from(result))"
---
┌─────────────────────────────────────────────────────┐
│ col                                                 │
│ ---                                                 │
│ type: nullable List[FixedSizeList[nullable f64; 2]] │
╞═════════════════════════════════════════════════════╡
│ [[1.0, 1.0], [43.0, 43.0]]                          │
├╌╌╌╌╌╌╌╌╌╌╌╌╌╌╌╌╌╌╌╌╌╌╌╌╌╌╌╌╌╌╌╌╌╌╌╌╌╌╌╌╌╌╌╌╌╌╌╌╌╌╌╌╌┤
│ []                                                  │
├╌╌╌╌╌╌╌╌╌╌╌╌╌╌╌╌╌╌╌╌╌╌╌╌╌╌╌╌╌╌╌╌╌╌╌╌╌╌╌╌╌╌╌╌╌╌╌╌╌╌╌╌╌┤
│ null                                                │
├╌╌╌╌╌╌╌╌╌╌╌╌╌╌╌╌╌╌╌╌╌╌╌╌╌╌╌╌╌╌╌╌╌╌╌╌╌╌╌╌╌╌╌╌╌╌╌╌╌╌╌╌╌┤
│ [[8.0, null], [8.0, 8.0]]                           │
├╌╌╌╌╌╌╌╌╌╌╌╌╌╌╌╌╌╌╌╌╌╌╌╌╌╌╌╌╌╌╌╌╌╌╌╌╌╌╌╌╌╌╌╌╌╌╌╌╌╌╌╌╌┤
│ [[18.0, 18.0]]                                      │
└─────────────────────────────────────────────────────┘
