---
source: crates/store/re_redap_tests/src/tests/register_segment.rs
expression: filtered_batch.format_snapshot(false)
---
┌──────────────────┬──────────────────┬──────────────────┬──────────────────┬──────────────────────────────────────────┬───────────────────────────┐
│ rerun_layer_name ┆ rerun_segment_id ┆ rerun_layer_type ┆ rerun_num_chunks ┆ rerun_schema_sha256                      ┆ rerun_registration_status │
╞══════════════════╪══════════════════╪══════════════════╪══════════════════╪══════════════════════════════════════════╪═══════════════════════════╡
│ base             ┆ segment1         ┆ rrd              ┆ 6                ┆ a2844c9fa0464c154088a30c919663988c7a332… ┆ done                      │
├╌╌╌╌╌╌╌╌╌╌╌╌╌╌╌╌╌╌┼╌╌╌╌╌╌╌╌╌╌╌╌╌╌╌╌╌╌┼╌╌╌╌╌╌╌╌╌╌╌╌╌╌╌╌╌╌┼╌╌╌╌╌╌╌╌╌╌╌╌╌╌╌╌╌╌┼╌╌╌╌╌╌╌╌╌╌╌╌╌╌╌╌╌╌╌╌╌╌╌╌╌╌╌╌╌╌╌╌╌╌╌╌╌╌╌╌╌╌┼╌╌╌╌╌╌╌╌╌╌╌╌╌╌╌╌╌╌╌╌╌╌╌╌╌╌╌┤
│ base             ┆ segment2         ┆ rrd              ┆ 4                ┆ 20b07d4125b80736347c4e24b0b9ede99206fc2… ┆ done                      │
├╌╌╌╌╌╌╌╌╌╌╌╌╌╌╌╌╌╌┼╌╌╌╌╌╌╌╌╌╌╌╌╌╌╌╌╌╌┼╌╌╌╌╌╌╌╌╌╌╌╌╌╌╌╌╌╌┼╌╌╌╌╌╌╌╌╌╌╌╌╌╌╌╌╌╌┼╌╌╌╌╌╌╌╌╌╌╌╌╌╌╌╌╌╌╌╌╌╌╌╌╌╌╌╌╌╌╌╌╌╌╌╌╌╌╌╌╌╌┼╌╌╌╌╌╌╌╌╌╌╌╌╌╌╌╌╌╌╌╌╌╌╌╌╌╌╌┤
│ base             ┆ segment3         ┆ rrd              ┆ 2                ┆ 496617cd4f12a81dae0df59fab061fee0ecd702… ┆ done                      │
├╌╌╌╌╌╌╌╌╌╌╌╌╌╌╌╌╌╌┼╌╌╌╌╌╌╌╌╌╌╌╌╌╌╌╌╌╌┼╌╌╌╌╌╌╌╌╌╌╌╌╌╌╌╌╌╌┼╌╌╌╌╌╌╌╌╌╌╌╌╌╌╌╌╌╌┼╌╌╌╌╌╌╌╌╌╌╌╌╌╌╌╌╌╌╌╌╌╌╌╌╌╌╌╌╌╌╌╌╌╌╌╌╌╌╌╌╌╌┼╌╌╌╌╌╌╌╌╌╌╌╌╌╌╌╌╌╌╌╌╌╌╌╌╌╌╌┤
│ extra            ┆ segment1         ┆ rrd              ┆ 2                ┆ d328d995050d482d9dcab998ce8e6d8c56c5460… ┆ done                      │
├╌╌╌╌╌╌╌╌╌╌╌╌╌╌╌╌╌╌┼╌╌╌╌╌╌╌╌╌╌╌╌╌╌╌╌╌╌┼╌╌╌╌╌╌╌╌╌╌╌╌╌╌╌╌╌╌┼╌╌╌╌╌╌╌╌╌╌╌╌╌╌╌╌╌╌┼╌╌╌╌╌╌╌╌╌╌╌╌╌╌╌╌╌╌╌╌╌╌╌╌╌╌╌╌╌╌╌╌╌╌╌╌╌╌╌╌╌╌┼╌╌╌╌╌╌╌╌╌╌╌╌╌╌╌╌╌╌╌╌╌╌╌╌╌╌╌┤
│ extra            ┆ segment2         ┆ rrd              ┆ 2                ┆ d328d995050d482d9dcab998ce8e6d8c56c5460… ┆ done                      │
└──────────────────┴──────────────────┴──────────────────┴──────────────────┴──────────────────────────────────────────┴───────────────────────────┘
