---
source: crates/store/re_redap_tests/src/tests/register_segment.rs
expression: filtered_batch.format_snapshot(false)
---
┌──────────────────┬──────────────────┬──────────────────┬──────────────────┬─────────────────────┐
│ rerun_layer_name ┆ rerun_segment_id ┆ rerun_layer_type ┆ rerun_num_chunks ┆ rerun_schema_sha256 │
╞══════════════════╪══════════════════╪══════════════════╪══════════════════╪═════════════════════╡
└──────────────────┴──────────────────┴──────────────────┴──────────────────┴─────────────────────┘
