---
source: crates/store/re_redap_tests/src/tests/register_segment.rs
expression: filtered_batch.format_snapshot(false)
---
┌──────────────────┬──────────────────┬──────────────────┬──────────────────┬──────────────────────────────────────────┬───────────────────────────┬──────────────────────────────────────────┐
│ rerun_layer_name ┆ rerun_segment_id ┆ rerun_layer_type ┆ rerun_num_chunks ┆ rerun_schema_sha256                      ┆ rerun_registration_status ┆ property:text_log:TextLog:text           │
╞══════════════════╪══════════════════╪══════════════════╪══════════════════╪══════════════════════════════════════════╪═══════════════════════════╪══════════════════════════════════════════╡
│ prop1            ┆ my_segment_id1   ┆ rrd              ┆ 1                ┆ 90433089a733d463b38411fbda5e7deb84ba382… ┆ done                      ┆ [I was logged first, registered last, s… │
├╌╌╌╌╌╌╌╌╌╌╌╌╌╌╌╌╌╌┼╌╌╌╌╌╌╌╌╌╌╌╌╌╌╌╌╌╌┼╌╌╌╌╌╌╌╌╌╌╌╌╌╌╌╌╌╌┼╌╌╌╌╌╌╌╌╌╌╌╌╌╌╌╌╌╌┼╌╌╌╌╌╌╌╌╌╌╌╌╌╌╌╌╌╌╌╌╌╌╌╌╌╌╌╌╌╌╌╌╌╌╌╌╌╌╌╌╌╌┼╌╌╌╌╌╌╌╌╌╌╌╌╌╌╌╌╌╌╌╌╌╌╌╌╌╌╌┼╌╌╌╌╌╌╌╌╌╌╌╌╌╌╌╌╌╌╌╌╌╌╌╌╌╌╌╌╌╌╌╌╌╌╌╌╌╌╌╌╌╌┤
│ prop2            ┆ my_segment_id1   ┆ rrd              ┆ 1                ┆ 90433089a733d463b38411fbda5e7deb84ba382… ┆ done                      ┆ [I was logged last, registered first]    │
└──────────────────┴──────────────────┴──────────────────┴──────────────────┴──────────────────────────────────────────┴───────────────────────────┴──────────────────────────────────────────┘
