---
source: crates/store/re_redap_tests/src/tests/register_segment.rs
expression: filtered_batch.format_snapshot(false)
---
┌──────────────────┬───────────────────┬──────────────────┬──────────────┬────────────────┐
│ rerun_segment_id ┆ rerun_layer_names ┆ rerun_num_chunks ┆ frame_nr:end ┆ frame_nr:start │
╞══════════════════╪═══════════════════╪══════════════════╪══════════════╪════════════════╡
│ segment1         ┆ [base, extra]     ┆ 8                ┆ 40           ┆ 10             │
├╌╌╌╌╌╌╌╌╌╌╌╌╌╌╌╌╌╌┼╌╌╌╌╌╌╌╌╌╌╌╌╌╌╌╌╌╌╌┼╌╌╌╌╌╌╌╌╌╌╌╌╌╌╌╌╌╌┼╌╌╌╌╌╌╌╌╌╌╌╌╌╌┼╌╌╌╌╌╌╌╌╌╌╌╌╌╌╌╌┤
│ segment2         ┆ [base, extra]     ┆ 6                ┆ 40           ┆ 10             │
├╌╌╌╌╌╌╌╌╌╌╌╌╌╌╌╌╌╌┼╌╌╌╌╌╌╌╌╌╌╌╌╌╌╌╌╌╌╌┼╌╌╌╌╌╌╌╌╌╌╌╌╌╌╌╌╌╌┼╌╌╌╌╌╌╌╌╌╌╌╌╌╌┼╌╌╌╌╌╌╌╌╌╌╌╌╌╌╌╌┤
│ segment3         ┆ [base]            ┆ 2                ┆ 40           ┆ 10             │
└──────────────────┴───────────────────┴──────────────────┴──────────────┴────────────────┘
