---
source: crates/store/re_mcap/src/layers/protobuf.rs
expression: "format!(\"{:-240}\", &chunks[0])"
---
┌───────────────────────────────────────────────────────────────────────────────────────────────────────────────────────────────────────────────────────────────┐
│ METADATA:                                                                                                                                                     │
│ * entity_path: /color_topic                                                                                                                                   │
│ * heap_size_bytes: [**REDACTED**]                                                                                                                             │
│ * id: [**REDACTED**]                                                                                                                                          │
│ * version: [**REDACTED**]                                                                                                                                     │
├╌╌╌╌╌╌╌╌╌╌╌╌╌╌╌╌╌╌╌╌╌╌╌╌╌╌╌╌╌╌╌╌╌╌╌╌╌╌╌╌╌╌╌╌╌╌╌╌╌╌╌╌╌╌╌╌╌╌╌╌╌╌╌╌╌╌╌╌╌╌╌╌╌╌╌╌╌╌╌╌╌╌╌╌╌╌╌╌╌╌╌╌╌╌╌╌╌╌╌╌╌╌╌╌╌╌╌╌╌╌╌╌╌╌╌╌╌╌╌╌╌╌╌╌╌╌╌╌╌╌╌╌╌╌╌╌╌╌╌╌╌╌╌╌╌╌╌╌╌╌╌╌╌╌╌╌╌╌╌┤
│ ┌───────────────────────────────────────────────┬──────────────────────────────┬──────────────────────────────────┬─────────────────────────────────────────┐ │
│ │ RowId                                         ┆ message_log_time             ┆ message_publish_time             ┆ com.example.Color:message               │ │
│ │ ---                                           ┆ ---                          ┆ ---                              ┆ ---                                     │ │
│ │ type: FixedSizeBinary[16]                     ┆ type: nullable Duration(ns)  ┆ type: nullable Duration(ns)      ┆ type: nullable List[nullable Struct[1]] │ │
│ │ ARROW:extension:metadata: {"namespace":"row"} ┆ index_name: message_log_time ┆ index_name: message_publish_time ┆ archetype: com.example.Color            │ │
│ │ ARROW:extension:name: TUID                    ┆ is_sorted: true              ┆ is_sorted: true                  ┆ component: com.example.Color:message    │ │
│ │ is_sorted: true                               ┆ kind: index                  ┆ kind: index                      ┆ kind: data                              │ │
│ │ kind: control                                 ┆                              ┆                                  ┆                                         │ │
│ ╞═══════════════════════════════════════════════╪══════════════════════════════╪══════════════════════════════════╪═════════════════════════════════════════╡ │
│ │ row_[**REDACTED**]                            ┆ PT0.000000001S               ┆ PT0.000000001S                   ┆ [{object: box}]                         │ │
│ ├╌╌╌╌╌╌╌╌╌╌╌╌╌╌╌╌╌╌╌╌╌╌╌╌╌╌╌╌╌╌╌╌╌╌╌╌╌╌╌╌╌╌╌╌╌╌╌┼╌╌╌╌╌╌╌╌╌╌╌╌╌╌╌╌╌╌╌╌╌╌╌╌╌╌╌╌╌╌┼╌╌╌╌╌╌╌╌╌╌╌╌╌╌╌╌╌╌╌╌╌╌╌╌╌╌╌╌╌╌╌╌╌╌┼╌╌╌╌╌╌╌╌╌╌╌╌╌╌╌╌╌╌╌╌╌╌╌╌╌╌╌╌╌╌╌╌╌╌╌╌╌╌╌╌╌┤ │
│ │ row_[**REDACTED**]                            ┆ PT0.000000002S               ┆ PT0.000000002S                   ┆ [{object: sphere}]                      │ │
│ ├╌╌╌╌╌╌╌╌╌╌╌╌╌╌╌╌╌╌╌╌╌╌╌╌╌╌╌╌╌╌╌╌╌╌╌╌╌╌╌╌╌╌╌╌╌╌╌┼╌╌╌╌╌╌╌╌╌╌╌╌╌╌╌╌╌╌╌╌╌╌╌╌╌╌╌╌╌╌┼╌╌╌╌╌╌╌╌╌╌╌╌╌╌╌╌╌╌╌╌╌╌╌╌╌╌╌╌╌╌╌╌╌╌┼╌╌╌╌╌╌╌╌╌╌╌╌╌╌╌╌╌╌╌╌╌╌╌╌╌╌╌╌╌╌╌╌╌╌╌╌╌╌╌╌╌┤ │
│ │ row_[**REDACTED**]                            ┆ PT0.000000003S               ┆ PT0.000000003S                   ┆ [{object: cone}]                        │ │
│ └───────────────────────────────────────────────┴──────────────────────────────┴──────────────────────────────────┴─────────────────────────────────────────┘ │
└───────────────────────────────────────────────────────────────────────────────────────────────────────────────────────────────────────────────────────────────┘
