---
source: crates/viewer/re_dataframe_ui/tests/filter_tests.rs
expression: "(filter, result)"
---
(
    Filter {
        column_name: "column",
        operation: IntCompares {
            operator: Ge,
            value: 4,
        },
    },
    RecordBatch {
        schema: Schema {
            fields: [
                Field {
                    name: "column",
                    data_type: Int64,
                    nullable: true,
                    dict_id: 0,
                    dict_is_ordered: false,
                    metadata: {},
                },
            ],
            metadata: {},
        },
        columns: [
            PrimitiveArray<Int64>
            [
              4,
              5,
            ],
        ],
        row_count: 2,
    },
)
