---
source: crates/viewer/re_dataframe_ui/tests/filter_tests.rs
expression: test_results
---
TestResult {
    filter: Float(
        FloatFilter {
            operator: Eq,
            rhs_value: Some(
                4.0,
            ),
        },
    ),
    field: Field {
        name: "column",
        data_type: Float64,
        nullable: true,
        dict_id: 0,
        dict_is_ordered: false,
        metadata: {},
    },
    unfiltered: PrimitiveArray<Float64>
    [
      1.0,
      2.0,
      null,
      4.0,
      5.0,
    ],
    filtered: PrimitiveArray<Float64>
    [
      4.0,
    ],
}
