---
source: crates/viewer/re_dataframe_ui/tests/filter_tests.rs
expression: test_results
---
TestResult {
    filter: NullableBoolean(
        NullableBooleanFilter(IsNull),
    ),
    field: Field {
        name: "column",
        data_type: List(
            Field {
                name: "column",
                data_type: Boolean,
            },
        ),
        nullable: true,
    },
    unfiltered: ListArray
    [
      BooleanArray
    [
      true,
    ],
      null,
      BooleanArray
    [
      true,
      true,
    ],
      BooleanArray
    [
      false,
      false,
    ],
      BooleanArray
    [
      true,
      false,
    ],
    ],
    filtered: ListArray
    [
      null,
    ],
}
