---
source: crates/utils/re_mcap/src/layers/protobuf.rs
expression: "format!(\"{:-240}\", &chunks[0])"
---
┌────────────────────────────────────────────────────────────────────────────────────────────────────────────────────────────────────────────────────────────────────────────────────────────────────────────────────┐
│ METADATA:                                                                                                                                                                                                          │
│ * entity_path: /test_topic                                                                                                                                                                                         │
│ * heap_size_bytes: [**REDACTED**]                                                                                                                                                                                  │
│ * id: [**REDACTED**]                                                                                                                                                                                               │
│ * version: [**REDACTED**]                                                                                                                                                                                          │
├╌╌╌╌╌╌╌╌╌╌╌╌╌╌╌╌╌╌╌╌╌╌╌╌╌╌╌╌╌╌╌╌╌╌╌╌╌╌╌╌╌╌╌╌╌╌╌╌╌╌╌╌╌╌╌╌╌╌╌╌╌╌╌╌╌╌╌╌╌╌╌╌╌╌╌╌╌╌╌╌╌╌╌╌╌╌╌╌╌╌╌╌╌╌╌╌╌╌╌╌╌╌╌╌╌╌╌╌╌╌╌╌╌╌╌╌╌╌╌╌╌╌╌╌╌╌╌╌╌╌╌╌╌╌╌╌╌╌╌╌╌╌╌╌╌╌╌╌╌╌╌╌╌╌╌╌╌╌╌╌╌╌╌╌╌╌╌╌╌╌╌╌╌╌╌╌╌╌╌╌╌╌╌╌╌╌╌╌╌╌╌╌╌╌╌╌╌╌╌╌╌╌╌╌╌╌╌╌╌╌╌╌┤
│ ┌─────────────────────────────────────┬─────────────────────────────┬─────────────────────────────┬───────────────────────────────────┬────────────────────────────────────┬─────────────────────────────────────┐ │
│ │ RowId                               ┆ log_time                    ┆ publish_time                ┆ com.example.Person:id             ┆ com.example.Person:name            ┆ com.example.Person:status           │ │
│ │ ---                                 ┆ ---                         ┆ ---                         ┆ ---                               ┆ ---                                ┆ ---                                 │ │
│ │ type: FixedSizeBinary[16]           ┆ type: nullable Duration(ns) ┆ type: nullable Duration(ns) ┆ type: nullable List[nullable i32] ┆ type: nullable List[nullable Utf8] ┆ type: nullable List[nullable        │ │
│ │ ARROW:extension:metadata:           ┆ index_name: log_time        ┆ index_name: publish_time    ┆ archetype: com.example.Person     ┆ archetype: com.example.Person      ┆ Struct[2]]                          │ │
│ │ {"namespace":"row"}                 ┆ is_sorted: true             ┆ is_sorted: true             ┆ component: com.example.Person:id  ┆ component: com.example.Person:name ┆ archetype: com.example.Person       │ │
│ │ ARROW:extension:name: TUID          ┆ kind: index                 ┆ kind: index                 ┆ kind: data                        ┆ kind: data                         ┆ component:                          │ │
│ │ is_sorted: true                     ┆                             ┆                             ┆                                   ┆                                    ┆ com.example.Person:status           │ │
│ │ kind: control                       ┆                             ┆                             ┆                                   ┆                                    ┆ kind: data                          │ │
│ ╞═════════════════════════════════════╪═════════════════════════════╪═════════════════════════════╪═══════════════════════════════════╪════════════════════════════════════╪═════════════════════════════════════╡ │
│ │ row_[**REDACTED**]                  ┆ PT0.000000042S              ┆ PT0.000000042S              ┆ [0]                               ┆ [Bob]                              ┆ [{name: INACTIVE, value: 2}]        │ │
│ ├╌╌╌╌╌╌╌╌╌╌╌╌╌╌╌╌╌╌╌╌╌╌╌╌╌╌╌╌╌╌╌╌╌╌╌╌╌┼╌╌╌╌╌╌╌╌╌╌╌╌╌╌╌╌╌╌╌╌╌╌╌╌╌╌╌╌╌┼╌╌╌╌╌╌╌╌╌╌╌╌╌╌╌╌╌╌╌╌╌╌╌╌╌╌╌╌╌┼╌╌╌╌╌╌╌╌╌╌╌╌╌╌╌╌╌╌╌╌╌╌╌╌╌╌╌╌╌╌╌╌╌╌╌┼╌╌╌╌╌╌╌╌╌╌╌╌╌╌╌╌╌╌╌╌╌╌╌╌╌╌╌╌╌╌╌╌╌╌╌╌┼╌╌╌╌╌╌╌╌╌╌╌╌╌╌╌╌╌╌╌╌╌╌╌╌╌╌╌╌╌╌╌╌╌╌╌╌╌┤ │
│ │ row_[**REDACTED**]                  ┆ PT0.000000043S              ┆ PT0.000000043S              ┆ [123]                             ┆ [Alice]                            ┆ [{name: UNKNOWN, value: 0}]         │ │
│ └─────────────────────────────────────┴─────────────────────────────┴─────────────────────────────┴───────────────────────────────────┴────────────────────────────────────┴─────────────────────────────────────┘ │
└────────────────────────────────────────────────────────────────────────────────────────────────────────────────────────────────────────────────────────────────────────────────────────────────────────────────────┘
