---
source: crates/utils/re_mcap/src/layers/protobuf.rs
expression: "format!(\"{:240}\", ChunkSnapshot(&chunks[0]))"
---
┌─────────────────────────────────────────────────────────────────────────────────────────────────────────────────────────────────────────────────────────────────────────────────────────────────────────┐
│ METADATA:                                                                                                                                                                                               │
│ * entity_path: /test_topic                                                                                                                                                                              │
│ * heap_size_bytes: [**REDACTED**]                                                                                                                                                                       │
│ * id: [**REDACTED**]                                                                                                                                                                                    │
│ * version: [**REDACTED**]                                                                                                                                                                               │
├╌╌╌╌╌╌╌╌╌╌╌╌╌╌╌╌╌╌╌╌╌╌╌╌╌╌╌╌╌╌╌╌╌╌╌╌╌╌╌╌╌╌╌╌╌╌╌╌╌╌╌╌╌╌╌╌╌╌╌╌╌╌╌╌╌╌╌╌╌╌╌╌╌╌╌╌╌╌╌╌╌╌╌╌╌╌╌╌╌╌╌╌╌╌╌╌╌╌╌╌╌╌╌╌╌╌╌╌╌╌╌╌╌╌╌╌╌╌╌╌╌╌╌╌╌╌╌╌╌╌╌╌╌╌╌╌╌╌╌╌╌╌╌╌╌╌╌╌╌╌╌╌╌╌╌╌╌╌╌╌╌╌╌╌╌╌╌╌╌╌╌╌╌╌╌╌╌╌╌╌╌╌╌╌╌╌╌╌╌╌╌╌╌╌╌╌╌╌╌╌╌┤
│ ┌─────────────────────────────────────┬──────────────────────┬──────────────────────────┬──────────────────────────────────┬────────────────────────────────────┬─────────────────────────────────────┐ │
│ │ rerun.controls.RowId                ┆ log_time             ┆ publish_time             ┆ com.example.Person:id            ┆ com.example.Person:name            ┆ com.example.Person:status           │ │
│ │ ---                                 ┆ ---                  ┆ ---                      ┆ ---                              ┆ ---                                ┆ ---                                 │ │
│ │ type: FixedSizeBinary[16]           ┆ type: Duration(ns)   ┆ type: Duration(ns)       ┆ type: List[nullable i32]         ┆ type: List[nullable Utf8]          ┆ type: List[nullable Utf8]           │ │
│ │ ARROW:extension:metadata:           ┆ index_name: log_time ┆ index_name: publish_time ┆ archetype: com.example.Person    ┆ archetype: com.example.Person      ┆ archetype: com.example.Person       │ │
│ │ {"namespace":"row"}                 ┆ is_sorted: true      ┆ is_sorted: true          ┆ component: com.example.Person:id ┆ component: com.example.Person:name ┆ component:                          │ │
│ │ ARROW:extension:name:               ┆ kind: index          ┆ kind: index              ┆ kind: data                       ┆ kind: data                         ┆ com.example.Person:status           │ │
│ │ rerun.datatypes.TUID                ┆                      ┆                          ┆                                  ┆                                    ┆ kind: data                          │ │
│ │ is_sorted: true                     ┆                      ┆                          ┆                                  ┆                                    ┆                                     │ │
│ │ kind: control                       ┆                      ┆                          ┆                                  ┆                                    ┆                                     │ │
│ ╞═════════════════════════════════════╪══════════════════════╪══════════════════════════╪══════════════════════════════════╪════════════════════════════════════╪═════════════════════════════════════╡ │
│ │ row_[**REDACTED**]                  ┆ PT0.000000042S       ┆ PT0.000000042S           ┆ [0]                              ┆ [Bob]                              ┆ [INACTIVE]                          │ │
│ ├╌╌╌╌╌╌╌╌╌╌╌╌╌╌╌╌╌╌╌╌╌╌╌╌╌╌╌╌╌╌╌╌╌╌╌╌╌┼╌╌╌╌╌╌╌╌╌╌╌╌╌╌╌╌╌╌╌╌╌╌┼╌╌╌╌╌╌╌╌╌╌╌╌╌╌╌╌╌╌╌╌╌╌╌╌╌╌┼╌╌╌╌╌╌╌╌╌╌╌╌╌╌╌╌╌╌╌╌╌╌╌╌╌╌╌╌╌╌╌╌╌╌┼╌╌╌╌╌╌╌╌╌╌╌╌╌╌╌╌╌╌╌╌╌╌╌╌╌╌╌╌╌╌╌╌╌╌╌╌┼╌╌╌╌╌╌╌╌╌╌╌╌╌╌╌╌╌╌╌╌╌╌╌╌╌╌╌╌╌╌╌╌╌╌╌╌╌┤ │
│ │ row_[**REDACTED**]                  ┆ PT0.000000043S       ┆ PT0.000000043S           ┆ [123]                            ┆ [Alice]                            ┆ [UNKNOWN]                           │ │
│ └─────────────────────────────────────┴──────────────────────┴──────────────────────────┴──────────────────────────────────┴────────────────────────────────────┴─────────────────────────────────────┘ │
└─────────────────────────────────────────────────────────────────────────────────────────────────────────────────────────────────────────────────────────────────────────────────────────────────────────┘
